Component: ARM Compiler 5.05 update 2 (build 169) Tool: armlink [4d0f33]

==============================================================================

Section Cross References

    main.o(i.main) refers to system.o(i.SysInit) for SysInit
    main.o(i.main) refers to system.o(i.BackTask) for BackTask
    ht32f5xxxx_01_it.o(i.SysTick_Handler) refers to bsp_systick.o(i.TimingDelay) for TimingDelay
    ht32f5xxxx_01_it.o(i.UART1_IRQHandler) refers to ht32f5xxxx_usart.o(i.USART_GetFlagStatus) for USART_GetFlagStatus
    ht32f5xxxx_01_it.o(i.UART1_IRQHandler) refers to ht32f5xxxx_usart.o(i.USART_ClearFlag) for USART_ClearFlag
    ht32f5xxxx_01_it.o(i.UART1_IRQHandler) refers to ht32f5xxxx_usart.o(i.USART_ReceiveData) for USART_ReceiveData
    ht32f5xxxx_01_it.o(i.UART1_IRQHandler) refers to ht32f5xxxx_01_it.o(.data) for Uart1_res
    ht32f5xxxx_01_it.o(i.UART1_IRQHandler) refers to gprs.o(.bss) for Uart1_Buf
    ht32f5xxxx_01_it.o(i.UART1_IRQHandler) refers to gprs.o(.data) for First_Int
    ht32f5xxxx_01_it.o(i.USART0_IRQHandler) refers to ht32f5xxxx_usart.o(i.USART_GetFlagStatus) for USART_GetFlagStatus
    ht32f5xxxx_01_it.o(i.USART0_IRQHandler) refers to ht32f5xxxx_usart.o(i.USART_ClearFlag) for USART_ClearFlag
    ht32f5xxxx_01_it.o(i.USART0_IRQHandler) refers to ht32f5xxxx_usart.o(i.USART_ReceiveData) for USART_ReceiveData
    ht32f5xxxx_01_it.o(i.USART0_IRQHandler) refers to memcpya.o(.text) for __aeabi_memcpy
    ht32f5xxxx_01_it.o(i.USART0_IRQHandler) refers to memseta.o(.text) for __aeabi_memclr
    ht32f5xxxx_01_it.o(i.USART0_IRQHandler) refers to ht32f5xxxx_01_it.o(.data) for Usart0_res
    ht32f5xxxx_01_it.o(i.USART0_IRQHandler) refers to ht32f5xxxx_01_it.o(.bss) for Usart0_Rxbuff
    ht32f5xxxx_01_it.o(i.USART0_IRQHandler) refers to gps.o(.bss) for gps_data
    ht32f5xxxx_01_it.o(i.USART1_IRQHandler) refers to ht32f5xxxx_usart.o(i.USART_GetFlagStatus) for USART_GetFlagStatus
    ht32f5xxxx_01_it.o(i.USART1_IRQHandler) refers to ht32f5xxxx_usart.o(i.USART_ClearFlag) for USART_ClearFlag
    system.o(i.BackTask) refers to system.o(i.Task_GetPicture) for Task_GetPicture
    system.o(i.SysInit) refers to bsp_uart.o(i.USART1_Init) for USART1_Init
    system.o(i.SysInit) refers to bsp_bftm.o(i.BF_TIM_int) for BF_TIM_int
    system.o(i.SysInit) refers to bsp_systick.o(i.SysTick_Init) for SysTick_Init
    system.o(i.SysInit) refers to ov7725.o(i.OV7725_Init) for OV7725_Init
    system.o(i.SysInit) refers to ov7725.o(i.OV7725_Light_Mode) for OV7725_Light_Mode
    system.o(i.SysInit) refers to ov7725.o(i.OV7725_Color_Saturation) for OV7725_Color_Saturation
    system.o(i.SysInit) refers to ov7725.o(i.OV7725_Brightness) for OV7725_Brightness
    system.o(i.SysInit) refers to ov7725.o(i.OV7725_Contrast) for OV7725_Contrast
    system.o(i.SysInit) refers to ov7725.o(i.OV7725_Special_Effects) for OV7725_Special_Effects
    system.o(i.SysInit) refers to ov7725.o(i.OV7725_Window_Set) for OV7725_Window_Set
    system.o(i.SysInit) refers to ht32f5xxxx_gpio.o(i.GPIO_WriteOutBits) for GPIO_WriteOutBits
    system.o(i.SysInit) refers to malloc.o(i.my_mem_init) for my_mem_init
    system.o(i.SysInit) refers to spi_msd0_driver.o(i.MSD0_SPI_Configuration) for MSD0_SPI_Configuration
    system.o(i.SysInit) refers to ff.o(i.f_mount) for f_mount
    system.o(i.SysInit) refers to exfuns.o(i.exfuns_init) for exfuns_init
    system.o(i.SysInit) refers to bsp_exti.o(i.EXTIX_Init) for EXTIX_Init
    system.o(i.SysInit) refers to ht32_board.o(.constdata) for GPIO_PORT
    system.o(i.SysInit) refers to system.o(.bss) for g_fs
    system.o(i.SysInit) refers to system.o(.data) for z
    system.o(i.Task_GetPicture) refers to ht32f5xxxx_gpio.o(i.GPIO_WriteOutBits) for GPIO_WriteOutBits
    system.o(i.Task_GetPicture) refers to malloc.o(i.mymalloc) for mymalloc
    system.o(i.Task_GetPicture) refers to bmp.o(i.camera_new_pathname) for camera_new_pathname
    system.o(i.Task_GetPicture) refers to bmp.o(i.bmp_encode) for bmp_encode
    system.o(i.Task_GetPicture) refers to main.o(.bss) for g_Timer
    system.o(i.Task_GetPicture) refers to bsp_exti.o(.data) for ov_sta
    system.o(i.Task_GetPicture) refers to ht32_board.o(.constdata) for GPIO_PORT
    system.o(i.Task_GetPicture) refers to system.o(.data) for pname
    system.o(i.Task_GetTemperature) refers to bmp280.o(i.BMP_Get_press) for BMP_Get_press
    system.o(i.Task_GetTemperature) refers to bmp280.o(i.BMP_Get_Temp) for BMP_Get_Temp
    system.o(i.Task_GetTemperature) refers to main.o(.bss) for g_Timer
    system.o(i.Task_GetTemperature) refers to bmp280.o(.bss) for bmp280
    startup_ht32f5xxxx_01.o(RESET) refers to startup_ht32f5xxxx_01.o(STACK) for __initial_sp
    startup_ht32f5xxxx_01.o(RESET) refers to ht32f5xxxx_01_it.o(i.NMI_Handler) for NMI_Handler
    startup_ht32f5xxxx_01.o(RESET) refers to ht32f5xxxx_01_it.o(i.HardFault_Handler) for HardFault_Handler
    startup_ht32f5xxxx_01.o(RESET) refers to ht32f5xxxx_01_it.o(i.SVC_Handler) for SVC_Handler
[...]
    ../fplib/microlib/fpmul.c                0x00000000   Number         0  dmul.o ABSOLUTE
    ../mathlib/atof.c                        0x00000000   Number         0  atof.o ABSOLUTE
    ..\Libraries\HT32F5xxxx_Driver\src\ht32_cm0plus_misc.c 0x00000000   Number         0  ht32_cm0plus_misc.o ABSOLUTE
    ..\Libraries\HT32F5xxxx_Driver\src\ht32_retarget.c 0x00000000   Number         0  ht32_retarget.o ABSOLUTE
    ..\Libraries\HT32F5xxxx_Driver\src\ht32_serial.c 0x00000000   Number         0  ht32_serial.o ABSOLUTE
    ..\Libraries\HT32F5xxxx_Driver\src\ht32f5xxxx_adc.c 0x00000000   Number         0  ht32f5xxxx_adc.o ABSOLUTE
    ..\Libraries\HT32F5xxxx_Driver\src\ht32f5xxxx_bftm.c 0x00000000   Number         0  ht32f5xxxx_bftm.o ABSOLUTE
    ..\Libraries\HT32F5xxxx_Driver\src\ht32f5xxxx_ckcu.c 0x00000000   Number         0  ht32f5xxxx_ckcu.o ABSOLUTE
    ..\Libraries\HT32F5xxxx_Driver\src\ht32f5xxxx_cmp.c 0x00000000   Number         0  ht32f5xxxx_cmp.o ABSOLUTE
    ..\Libraries\HT32F5xxxx_Driver\src\ht32f5xxxx_crc.c 0x00000000   Number         0  ht32f5xxxx_crc.o ABSOLUTE
    ..\Libraries\HT32F5xxxx_Driver\src\ht32f5xxxx_ebi.c 0x00000000   Number         0  ht32f5xxxx_ebi.o ABSOLUTE
    ..\Libraries\HT32F5xxxx_Driver\src\ht32f5xxxx_exti.c 0x00000000   Number         0  ht32f5xxxx_exti.o ABSOLUTE
    ..\Libraries\HT32F5xxxx_Driver\src\ht32f5xxxx_flash.c 0x00000000   Number         0  ht32f5xxxx_flash.o ABSOLUTE
    ..\Libraries\HT32F5xxxx_Driver\src\ht32f5xxxx_gpio.c 0x00000000   Number         0  ht32f5xxxx_gpio.o ABSOLUTE
    ..\Libraries\HT32F5xxxx_Driver\src\ht32f5xxxx_i2c.c 0x00000000   Number         0  ht32f5xxxx_i2c.o ABSOLUTE
    ..\Libraries\HT32F5xxxx_Driver\src\ht32f5xxxx_i2s.c 0x00000000   Number         0  ht32f5xxxx_i2s.o ABSOLUTE
    ..\Libraries\HT32F5xxxx_Driver\src\ht32f5xxxx_mctm.c 0x00000000   Number         0  ht32f5xxxx_mctm.o ABSOLUTE
    ..\Libraries\HT32F5xxxx_Driver\src\ht32f5xxxx_pdma.c 0x00000000   Number         0  ht32f5xxxx_pdma.o ABSOLUTE
    ..\Libraries\HT32F5xxxx_Driver\src\ht32f5xxxx_pwrcu.c 0x00000000   Number         0  ht32f5xxxx_pwrcu.o ABSOLUTE
    ..\Libraries\HT32F5xxxx_Driver\src\ht32f5xxxx_rstcu.c 0x00000000   Number         0  ht32f5xxxx_rstcu.o ABSOLUTE
    ..\Libraries\HT32F5xxxx_Driver\src\ht32f5xxxx_rtc.c 0x00000000   Number         0  ht32f5xxxx_rtc.o ABSOLUTE
    ..\Libraries\HT32F5xxxx_Driver\src\ht32f5xxxx_sci.c 0x00000000   Number         0  ht32f5xxxx_sci.o ABSOLUTE
    ..\Libraries\HT32F5xxxx_Driver\src\ht32f5xxxx_spi.c 0x00000000   Number         0  ht32f5xxxx_spi.o ABSOLUTE
    ..\Libraries\HT32F5xxxx_Driver\src\ht32f5xxxx_tm.c 0x00000000   Number         0  ht32f5xxxx_tm.o ABSOLUTE
    ..\Libraries\HT32F5xxxx_Driver\src\ht32f5xxxx_usart.c 0x00000000   Number         0  ht32f5xxxx_usart.o ABSOLUTE
    ..\Libraries\HT32F5xxxx_Driver\src\ht32f5xxxx_usbd.c 0x00000000   Number         0  ht32f5xxxx_usbd.o ABSOLUTE
    ..\Libraries\HT32F5xxxx_Driver\src\ht32f5xxxx_wdt.c 0x00000000   Number         0  ht32f5xxxx_wdt.o ABSOLUTE
    ..\Source\Dev\Appliction\BMP280.c        0x00000000   Number         0  bmp280.o ABSOLUTE
    ..\Source\Dev\Appliction\GPRS.c          0x00000000   Number         0  gprs.o ABSOLUTE
    ..\Source\Dev\Appliction\GPS.c           0x00000000   Number         0  gps.o ABSOLUTE
    ..\Source\Dev\Fatfs\exfuns\exfuns.c      0x00000000   Number         0  exfuns.o ABSOLUTE
    ..\Source\Dev\Fatfs\src\diskio.c         0x00000000   Number         0  diskio.o ABSOLUTE
    ..\Source\Dev\Fatfs\src\ff.c             0x00000000   Number         0  ff.o ABSOLUTE
    ..\Source\Dev\Fatfs\src\option\ccsbcs.c  0x00000000   Number         0  ccsbcs.o ABSOLUTE
    ..\Source\Dev\Malloc\malloc.c            0x00000000   Number         0  malloc.o ABSOLUTE
    ..\Source\Dev\Ov7725\ov7725.c            0x00000000   Number         0  ov7725.o ABSOLUTE
    ..\Source\Dev\Ov7725\sccb.c              0x00000000   Number         0  sccb.o ABSOLUTE
    ..\Source\Dev\Picture\bmp.c              0x00000000   Number         0  bmp.o ABSOLUTE
    ..\Source\Dev\Picture\piclib.c           0x00000000   Number         0  piclib.o ABSOLUTE
    ..\Source\Dev\SPI_SD_Card\SPI_MSD0_Driver.c 0x00000000   Number         0  spi_msd0_driver.o ABSOLUTE
    ..\Source\Dev\bsp\bsp_18b20.c            0x00000000   Number         0  bsp_18b20.o ABSOLUTE
    ..\Source\Dev\bsp\bsp_BFTM.c             0x00000000   Number         0  bsp_bftm.o ABSOLUTE
    ..\Source\Dev\bsp\bsp_SysTick.c          0x00000000   Number         0  bsp_systick.o ABSOLUTE
    ..\Source\Dev\bsp\bsp_exti.c             0x00000000   Number         0  bsp_exti.o ABSOLUTE
    ..\Source\Dev\bsp\bsp_i2c.c              0x00000000   Number         0  bsp_i2c.o ABSOLUTE
    ..\Source\Dev\bsp\bsp_spi.c              0x00000000   Number         0  bsp_spi.o ABSOLUTE
    ..\Source\Dev\bsp\bsp_uart.c             0x00000000   Number         0  bsp_uart.o ABSOLUTE
    ..\Source\Dev\system.c                   0x00000000   Number         0  system.o ABSOLUTE
    ..\Source\Main\ht32_op.s                 0x00000000   Number         0  ht32_op.o ABSOLUTE
    ..\Source\Main\ht32f5xxxx_01_it.c        0x00000000   Number         0  ht32f5xxxx_01_it.o ABSOLUTE
    ..\Source\Main\main.c                    0x00000000   Number         0  main.o ABSOLUTE
    ..\Source\Main\startup_ht32f5xxxx_01.s   0x00000000   Number         0  startup_ht32f5xxxx_01.o ABSOLUTE
    ..\Source\Main\system_ht32f5xxxx_01.c    0x00000000   Number         0  system_ht32f5xxxx_01.o ABSOLUTE
    ..\Source\Utilities\ht32_board.c         0x00000000   Number         0  ht32_board.o ABSOLUTE
    ..\\Libraries\\HT32F5xxxx_Driver\\src\\ht32_cm0plus_misc.c 0x00000000   Number         0  ht32_cm0plus_misc.o ABSOLUTE
    ..\\Libraries\\HT32F5xxxx_Driver\\src\\ht32_retarget.c 0x00000000   Number         0  ht32_retarget.o ABSOLUTE
    ..\\Libraries\\HT32F5xxxx_Driver\\src\\ht32_serial.c 0x00000000   Number         0  ht32_serial.o ABSOLUTE
    ..\\Libraries\\HT32F5xxxx_Driver\\src\\ht32f5xxxx_adc.c 0x00000000   Number         0  ht32f5xxxx_adc.o ABSOLUTE
    ..\\Libraries\\HT32F5xxxx_Driver\\src\\ht32f5xxxx_bftm.c 0x00000000   Number         0  ht32f5xxxx_bftm.o ABSOLUTE
    ..\\Libraries\\HT32F5xxxx_Driver\\src\\ht32f5xxxx_ckcu.c 0x00000000   Number         0  ht32f5xxxx_ckcu.o ABSOLUTE
    ..\\Libraries\\HT32F5xxxx_Driver\\src\\ht32f5xxxx_cmp.c 0x00000000   Number         0  ht32f5xxxx_cmp.o ABSOLUTE
    ..\\Libraries\\HT32F5xxxx_Driver\\src\\ht32f5xxxx_crc.c 0x00000000   Number         0  ht32f5xxxx_crc.o ABSOLUTE
    ..\\Libraries\\HT32F5xxxx_Driver\\src\\ht32f5xxxx_ebi.c 0x00000000   Number         0  ht32f5xxxx_ebi.o ABSOLUTE
    ..\\Libraries\\HT32F5xxxx_Driver\\src\\ht32f5xxxx_exti.c 0x00000000   Number         0  ht32f5xxxx_exti.o ABSOLUTE
    ..\\Libraries\\HT32F5xxxx_Driver\\src\\ht32f5xxxx_flash.c 0x00000000   Number         0  ht32f5xxxx_flash.o ABSOLUTE
    ..\\Libraries\\HT32F5xxxx_Driver\\src\\ht32f5xxxx_gpio.c 0x00000000   Number         0  ht32f5xxxx_gpio.o ABSOLUTE
    ..\\Libraries\\HT32F5xxxx_Driver\\src\\ht32f5xxxx_i2c.c 0x00000000   Number         0  ht32f5xxxx_i2c.o ABSOLUTE
    ..\\Libraries\\HT32F5xxxx_Driver\\src\\ht32f5xxxx_i2s.c 0x00000000   Number         0  ht32f5xxxx_i2s.o ABSOLUTE
    ..\\Libraries\\HT32F5xxxx_Driver\\src\\ht32f5xxxx_mctm.c 0x00000000   Number         0  ht32f5xxxx_mctm.o ABSOLUTE
    ..\\Libraries\\HT32F5xxxx_Driver\\src\\ht32f5xxxx_pdma.c 0x00000000   Number         0  ht32f5xxxx_pdma.o ABSOLUTE
    ..\\Libraries\\HT32F5xxxx_Driver\\src\\ht32f5xxxx_pwrcu.c 0x00000000   Number         0  ht32f5xxxx_pwrcu.o ABSOLUTE
    ..\\Libraries\\HT32F5xxxx_Driver\\src\\ht32f5xxxx_rstcu.c 0x00000000   Number         0  ht32f5xxxx_rstcu.o ABSOLUTE
    ..\\Libraries\\HT32F5xxxx_Driver\\src\\ht32f5xxxx_rtc.c 0x00000000   Number         0  ht32f5xxxx_rtc.o ABSOLUTE
    ..\\Libraries\\HT32F5xxxx_Driver\\src\\ht32f5xxxx_sci.c 0x00000000   Number         0  ht32f5xxxx_sci.o ABSOLUTE
    ..\\Libraries\\HT32F5xxxx_Driver\\src\\ht32f5xxxx_spi.c 0x00000000   Number         0  ht32f5xxxx_spi.o ABSOLUTE
    ..\\Libraries\\HT32F5xxxx_Driver\\src\\ht32f5xxxx_tm.c 0x00000000   Number         0  ht32f5xxxx_tm.o ABSOLUTE
    ..\\Libraries\\HT32F5xxxx_Driver\\src\\ht32f5xxxx_usart.c 0x00000000   Number         0  ht32f5xxxx_usart.o ABSOLUTE
    ..\\Libraries\\HT32F5xxxx_Driver\\src\\ht32f5xxxx_usbd.c 0x00000000   Number         0  ht32f5xxxx_usbd.o ABSOLUTE
    ..\\Libraries\\HT32F5xxxx_Driver\\src\\ht32f5xxxx_wdt.c 0x00000000   Number         0  ht32f5xxxx_wdt.o ABSOLUTE
    ..\\Source\\Dev\\Appliction\\BMP280.c    0x00000000   Number         0  bmp280.o ABSOLUTE
    ..\\Source\\Dev\\Appliction\\GPRS.c      0x00000000   Number         0  gprs.o ABSOLUTE
    ..\\Source\\Dev\\Appliction\\GPS.c       0x00000000   Number         0  gps.o ABSOLUTE
    ..\\Source\\Dev\\Fatfs\\exfuns\\exfuns.c 0x00000000   Number         0  exfuns.o ABSOLUTE
    ..\\Source\\Dev\\Fatfs\\src\\diskio.c    0x00000000   Number         0  diskio.o ABSOLUTE
    ..\\Source\\Dev\\Malloc\\malloc.c        0x00000000   Number         0  malloc.o ABSOLUTE
    ..\\Source\\Dev\\Ov7725\\ov7725.c        0x00000000   Number         0  ov7725.o ABSOLUTE
    ..\\Source\\Dev\\Ov7725\\sccb.c          0x00000000   Number         0  sccb.o ABSOLUTE
    ..\\Source\\Dev\\Picture\\bmp.c          0x00000000   Number         0  bmp.o ABSOLUTE
    ..\\Source\\Dev\\Picture\\piclib.c       0x00000000   Number         0  piclib.o ABSOLUTE
    ..\\Source\\Dev\\SPI_SD_Card\\SPI_MSD0_Driver.c 0x00000000   Number         0  spi_msd0_driver.o ABSOLUTE
    ..\\Source\\Dev\\bsp\\bsp_18b20.c        0x00000000   Number         0  bsp_18b20.o ABSOLUTE
    ..\\Source\\Dev\\bsp\\bsp_BFTM.c         0x00000000   Number         0  bsp_bftm.o ABSOLUTE
    ..\\Source\\Dev\\bsp\\bsp_SysTick.c      0x00000000   Number         0  bsp_systick.o ABSOLUTE
    ..\\Source\\Dev\\bsp\\bsp_exti.c         0x00000000   Number         0  bsp_exti.o ABSOLUTE
    ..\\Source\\Dev\\bsp\\bsp_i2c.c          0x00000000   Number         0  bsp_i2c.o ABSOLUTE
    ..\\Source\\Dev\\bsp\\bsp_spi.c          0x00000000   Number         0  bsp_spi.o ABSOLUTE
    ..\\Source\\Dev\\bsp\\bsp_uart.c         0x00000000   Number         0  bsp_uart.o ABSOLUTE
    ..\\Source\\Dev\\system.c                0x00000000   Number         0  system.o ABSOLUTE
    ..\\Source\\Main\\ht32f5xxxx_01_it.c     0x00000000   Number         0  ht32f5xxxx_01_it.o ABSOLUTE
    ..\\Source\\Main\\main.c                 0x00000000   Number         0  main.o ABSOLUTE
    ..\\Source\\Main\\system_ht32f5xxxx_01.c 0x00000000   Number         0  system_ht32f5xxxx_01.o ABSOLUTE
    ..\\Source\\Utilities\\ht32_board.c      0x00000000   Number         0  ht32_board.o ABSOLUTE
    cdcmple.s                                0x00000000   Number         0  cdcmple.o ABSOLUTE
    cdrcmple.s                               0x00000000   Number         0  cdrcmple.o ABSOLUTE
    dc.s                                     0x00000000   Number         0  dc.o ABSOLUTE
    handlers.s                               0x00000000   Number         0  handlers.o ABSOLUTE
    init.s                                   0x00000000   Number         0  init.o ABSOLUTE
    BootProcess                              0x000000cd   Thumb Code    44  startup_ht32f5xxxx_01.o(RESET)
    .ARM.Collect$$$$00000000                 0x0000011c   Section        0  entry.o(.ARM.Collect$$$$00000000)
    .ARM.Collect$$$$00000001                 0x0000011c   Section        4  entry2.o(.ARM.Collect$$$$00000001)
    .ARM.Collect$$$$00000004                 0x00000120   Section        4  entry5.o(.ARM.Collect$$$$00000004)
    .ARM.Collect$$$$00000008                 0x00000124   Section        0  entry7b.o(.ARM.Collect$$$$00000008)
    .ARM.Collect$$$$0000000A                 0x00000124   Section        0  entry8b.o(.ARM.Collect$$$$0000000A)
    .ARM.Collect$$$$0000000B                 0x00000124   Section        8  entry9a.o(.ARM.Collect$$$$0000000B)
    .ARM.Collect$$$$0000000D                 0x0000012c   Section        0  entry10a.o(.ARM.Collect$$$$0000000D)
    .ARM.Collect$$$$0000000F                 0x0000012c   Section        0  entry11a.o(.ARM.Collect$$$$0000000F)
    .ARM.Collect$$$$00002712                 0x0000012c   Section        4  entry2.o(.ARM.Collect$$$$00002712)
    __lit__00000000                          0x0000012c   Data           4  entry2.o(.ARM.Collect$$$$00002712)
    .text                                    0x00000130   Section        0  uidiv.o(.text)
    .text                                    0x0000015c   Section        0  idiv.o(.text)
    .text                                    0x00000184   Section        0  memcpya.o(.text)
    .text                                    0x000001a8   Section        0  memseta.o(.text)
    .text                                    0x000001cc   Section        0  uread4.o(.text)
    .text                                    0x000001e0   Section        0  uwrite4.o(.text)
    .text                                    0x000001f4   Section        0  dadd.o(.text)
    .text                                    0x00000358   Section        0  dmul.o(.text)
    .text                                    0x00000428   Section        0  ddiv.o(.text)
    .text                                    0x00000518   Section        0  uldiv.o(.text)
    .text                                    0x00000578   Section        0  llshl.o(.text)
    .text                                    0x00000598   Section        0  llushr.o(.text)
    .text                                    0x000005ba   Section        0  llsshr.o(.text)
    .text                                    0x000005e0   Section        0  depilogue.o(.text)
    .text                                    0x000005e0   Section        0  iusefp.o(.text)
    .text                                    0x000006a0   Section        0  dfixul.o(.text)
    .text                                    0x000006e0   Section       40  cdrcmple.o(.text)
    .text                                    0x00000708   Section       36  init.o(.text)
    i.AFIO_EXTISourceConfig                  0x0000072c   Section        0  ht32f5xxxx_gpio.o(i.AFIO_EXTISourceConfig)
    i.AFIO_GPxConfig                         0x0000076c   Section        0  ht32f5xxxx_gpio.o(i.AFIO_GPxConfig)
    i.BFTM0_IRQHandler                       0x000007d0   Section        0  bsp_bftm.o(i.BFTM0_IRQHandler)
    i.BFTM_ClearFlag                         0x00000804   Section        0  ht32f5xxxx_bftm.o(i.BFTM_ClearFlag)
    i.BFTM_EnaCmd                            0x00000812   Section        0  ht32f5xxxx_bftm.o(i.BFTM_EnaCmd)
    i.BFTM_IntConfig                         0x0000082a   Section        0  ht32f5xxxx_bftm.o(i.BFTM_IntConfig)
    i.BFTM_SetCompare                        0x00000842   Section        0  ht32f5xxxx_bftm.o(i.BFTM_SetCompare)
    i.BFTM_SetCounter                        0x00000846   Section        0  ht32f5xxxx_bftm.o(i.BFTM_SetCounter)
    i.BF_TIM_int                             0x0000084c   Section        0  bsp_bftm.o(i.BF_TIM_int)
    i.BackTask                               0x000008cc   Section        0  system.o(i.BackTask)
    i.CKCU_GetClocksFrequency                0x000008d4   Section        0  ht32f5xxxx_ckcu.o(i.CKCU_GetClocksFrequency)
    i.CKCU_GetPLLFrequency                   0x00000960   Section        0  ht32f5xxxx_ckcu.o(i.CKCU_GetPLLFrequency)
    i.CKCU_GetPeripFrequency                 0x000009c8   Section        0  ht32f5xxxx_ckcu.o(i.CKCU_GetPeripFrequency)
    i.CKCU_PeripClockConfig                  0x00000a00   Section        0  ht32f5xxxx_ckcu.o(i.CKCU_PeripClockConfig)
    i.Delay_10us                             0x00000a40   Section        0  bsp_systick.o(i.Delay_10us)
    i.EXTI4_15_IRQHandler                    0x00000a64   Section        0  bsp_exti.o(i.EXTI4_15_IRQHandler)
    i.EXTIX_Init                             0x00000aec   Section        0  bsp_exti.o(i.EXTIX_Init)
    i.EXTI_ClearEdgeFlag                     0x00000b9c   Section        0  ht32f5xxxx_exti.o(i.EXTI_ClearEdgeFlag)
    i.EXTI_GetEdgeStatus                     0x00000bb0   Section        0  ht32f5xxxx_exti.o(i.EXTI_GetEdgeStatus)
    i.EXTI_Init                              0x00000be0   Section        0  ht32f5xxxx_exti.o(i.EXTI_Init)
    i.EXTI_IntConfig                         0x00000c00   Section        0  ht32f5xxxx_exti.o(i.EXTI_IntConfig)
    i.GPIO_DirectionConfig                   0x00000c28   Section        0  ht32f5xxxx_gpio.o(i.GPIO_DirectionConfig)
    i.GPIO_InputConfig                       0x00000c3c   Section        0  ht32f5xxxx_gpio.o(i.GPIO_InputConfig)
    i.GPIO_OpenDrainConfig                   0x00000c50   Section        0  ht32f5xxxx_gpio.o(i.GPIO_OpenDrainConfig)
    i.GPIO_PullResistorConfig                0x00000c64   Section        0  ht32f5xxxx_gpio.o(i.GPIO_PullResistorConfig)
    i.GPIO_ReadInBit                         0x00000c96   Section        0  ht32f5xxxx_gpio.o(i.GPIO_ReadInBit)
    i.GPIO_ReadInData                        0x00000ca8   Section        0  ht32f5xxxx_gpio.o(i.GPIO_ReadInData)
    i.GPIO_SetOutBits                        0x00000cb0   Section        0  ht32f5xxxx_gpio.o(i.GPIO_SetOutBits)
    i.GPIO_WriteOutBits                      0x00000cb4   Section        0  ht32f5xxxx_gpio.o(i.GPIO_WriteOutBits)
    i.HardFault_Handler                      0x00000cc0   Section        0  ht32f5xxxx_01_it.o(i.HardFault_Handler)
    i.MSD0_GetCardInfo                       0x00000cc4   Section        0  spi_msd0_driver.o(i.MSD0_GetCardInfo)
    i.MSD0_Init                              0x00000fe8   Section        0  spi_msd0_driver.o(i.MSD0_Init)
    i.MSD0_ReadMultiBlock                    0x00001218   Section        0  spi_msd0_driver.o(i.MSD0_ReadMultiBlock)
    i.MSD0_ReadSingleBlock                   0x00001290   Section        0  spi_msd0_driver.o(i.MSD0_ReadSingleBlock)
    i.MSD0_SPIHighSpeed                      0x000012d4   Section        0  spi_msd0_driver.o(i.MSD0_SPIHighSpeed)
    i.MSD0_SPI_Configuration                 0x000012e0   Section        0  spi_msd0_driver.o(i.MSD0_SPI_Configuration)
    i.MSD0_WriteMultiBlock                   0x000012e8   Section        0  spi_msd0_driver.o(i.MSD0_WriteMultiBlock)
    i.MSD0_WriteSingleBlock                  0x00001404   Section        0  spi_msd0_driver.o(i.MSD0_WriteSingleBlock)
    i.MSD0_read_buffer                       0x000014c4   Section        0  spi_msd0_driver.o(i.MSD0_read_buffer)
    i.MSD0_send_command                      0x0000153c   Section        0  spi_msd0_driver.o(i.MSD0_send_command)
    i.MSD0_send_command_hold                 0x000015ac   Section        0  spi_msd0_driver.o(i.MSD0_send_command_hold)
    i.MSD0_spi_read_write                    0x00001610   Section        0  spi_msd0_driver.o(i.MSD0_spi_read_write)
    i.NMI_Handler                            0x0000161c   Section        0  ht32f5xxxx_01_it.o(i.NMI_Handler)
    i.OV7725_Brightness                      0x0000161e   Section        0  ov7725.o(i.OV7725_Brightness)
    i.OV7725_Color_Saturation                0x00001680   Section        0  ov7725.o(i.OV7725_Color_Saturation)
    i.OV7725_Contrast                        0x000016aa   Section        0  ov7725.o(i.OV7725_Contrast)
    i.OV7725_Init                            0x000016d0   Section        0  ov7725.o(i.OV7725_Init)
    i.OV7725_Light_Mode                      0x000018c4   Section        0  ov7725.o(i.OV7725_Light_Mode)
    i.OV7725_Special_Effects                 0x000019d6   Section        0  ov7725.o(i.OV7725_Special_Effects)
    i.OV7725_Window_Set                      0x00001a94   Section        0  ov7725.o(i.OV7725_Window_Set)
    i.PendSV_Handler                         0x00001c04   Section        0  ht32f5xxxx_01_it.o(i.PendSV_Handler)
    i.SCCB_Init                              0x00001c08   Section        0  sccb.o(i.SCCB_Init)
    i.SCCB_No_Ack                            0x00001cb8   Section        0  sccb.o(i.SCCB_No_Ack)
    i.SCCB_RD_Byte                           0x00001cf4   Section        0  sccb.o(i.SCCB_RD_Byte)
    i.SCCB_RD_Reg                            0x00001d88   Section        0  sccb.o(i.SCCB_RD_Reg)
    i.SCCB_Start                             0x00001dd8   Section        0  sccb.o(i.SCCB_Start)
    i.SCCB_Stop                              0x00001e08   Section        0  sccb.o(i.SCCB_Stop)
    i.SCCB_WR_Byte                           0x00001e3c   Section        0  sccb.o(i.SCCB_WR_Byte)
    i.SCCB_WR_Reg                            0x00001f08   Section        0  sccb.o(i.SCCB_WR_Reg)
    i.SPI1_Gpio_Init                         0x00001f4c   Section        0  bsp_spi.o(i.SPI1_Gpio_Init)
    i.SPI1_Init                              0x00001fdc   Section        0  bsp_spi.o(i.SPI1_Init)
    i.SPI1_ReadWrite                         0x00002030   Section        0  bsp_spi.o(i.SPI1_ReadWrite)
    i.SPI_Cmd                                0x00002064   Section        0  ht32f5xxxx_spi.o(i.SPI_Cmd)
    i.SPI_GetFlagStatus                      0x0000207c   Section        0  ht32f5xxxx_spi.o(i.SPI_GetFlagStatus)
    i.SPI_Init                               0x00002096   Section        0  ht32f5xxxx_spi.o(i.SPI_Init)
    i.SPI_ReceiveData                        0x000020e2   Section        0  ht32f5xxxx_spi.o(i.SPI_ReceiveData)
    i.SPI_SELOutputCmd                       0x000020ea   Section        0  ht32f5xxxx_spi.o(i.SPI_SELOutputCmd)
    i.SPI_SendData                           0x00002102   Section        0  ht32f5xxxx_spi.o(i.SPI_SendData)
    i.SVC_Handler                            0x00002106   Section        0  ht32f5xxxx_01_it.o(i.SVC_Handler)
    i.SYSTICK_ClockSourceConfig              0x00002108   Section        0  ht32_cm0plus_misc.o(i.SYSTICK_ClockSourceConfig)
    i.SYSTICK_CounterCmd                     0x0000212c   Section        0  ht32_cm0plus_misc.o(i.SYSTICK_CounterCmd)
    i.SYSTICK_IntConfig                      0x0000215c   Section        0  ht32_cm0plus_misc.o(i.SYSTICK_IntConfig)
    i.SYSTICK_SetReloadValue                 0x00002180   Section        0  ht32_cm0plus_misc.o(i.SYSTICK_SetReloadValue)
    i.SysInit                                0x0000218c   Section        0  system.o(i.SysInit)
    i.SysTick_Handler                        0x00002208   Section        0  ht32f5xxxx_01_it.o(i.SysTick_Handler)
    i.SysTick_Init                           0x00002210   Section        0  bsp_systick.o(i.SysTick_Init)
    i.SystemInit                             0x0000223c   Section        0  system_ht32f5xxxx_01.o(i.SystemInit)
    i.Task_GetPicture                        0x00002380   Section        0  system.o(i.Task_GetPicture)
    Task_GetPicture                          0x00002381   Thumb Code   158  system.o(i.Task_GetPicture)
    i.TimingDelay                            0x00002430   Section        0  bsp_systick.o(i.TimingDelay)
    i.UART1_IRQHandler                       0x00002448   Section        0  ht32f5xxxx_01_it.o(i.UART1_IRQHandler)
    i.USART0_IRQHandler                      0x0000249c   Section        0  ht32f5xxxx_01_it.o(i.USART0_IRQHandler)
    i.USART1_IRQHandler                      0x00002534   Section        0  ht32f5xxxx_01_it.o(i.USART1_IRQHandler)
    i.USART1_Init                            0x00002550   Section        0  bsp_uart.o(i.USART1_Init)
    i.USART_ClearFlag                        0x000025c8   Section        0  ht32f5xxxx_usart.o(i.USART_ClearFlag)
    i.USART_GetFlagStatus                    0x000025d0   Section        0  ht32f5xxxx_usart.o(i.USART_GetFlagStatus)
    i.USART_Init                             0x000025e4   Section        0  ht32f5xxxx_usart.o(i.USART_Init)
    i.USART_ReceiveData                      0x00002670   Section        0  ht32f5xxxx_usart.o(i.USART_ReceiveData)
    i.USART_TxRxCmd                          0x00002678   Section        0  ht32f5xxxx_usart.o(i.USART_TxRxCmd)
    i.__0sprintf                             0x00002698   Section        0  printfa.o(i.__0sprintf)
    i.__ARM_clz                              0x000026c0   Section        0  depilogue.o(i.__ARM_clz)
    i.__ARM_common_switch8                   0x000026ee   Section        0  ht32f5xxxx_ckcu.o(i.__ARM_common_switch8)
    i.__scatterload_copy                     0x0000270a   Section       14  handlers.o(i.__scatterload_copy)
    i.__scatterload_null                     0x00002718   Section        2  handlers.o(i.__scatterload_null)
    i.__scatterload_zeroinit                 0x0000271a   Section       14  handlers.o(i.__scatterload_zeroinit)
    i._fp_digits                             0x00002728   Section        0  printfa.o(i._fp_digits)
    _fp_digits                               0x00002729   Thumb Code   316  printfa.o(i._fp_digits)
    i._printf_core                           0x00002880   Section        0  printfa.o(i._printf_core)
    _printf_core                             0x00002881   Thumb Code  1754  printfa.o(i._printf_core)
    i._printf_post_padding                   0x00002f6c   Section        0  printfa.o(i._printf_post_padding)
    _printf_post_padding                     0x00002f6d   Thumb Code    32  printfa.o(i._printf_post_padding)
    i._printf_pre_padding                    0x00002f8c   Section        0  printfa.o(i._printf_pre_padding)
    _printf_pre_padding                      0x00002f8d   Thumb Code    44  printfa.o(i._printf_pre_padding)
    i._sputc                                 0x00002fb8   Section        0  printfa.o(i._sputc)
    _sputc                                   0x00002fb9   Thumb Code    10  printfa.o(i._sputc)
    i.bmp_encode                             0x00002fc4   Section        0  bmp.o(i.bmp_encode)
    i.camera_new_pathname                    0x00003248   Section        0  bmp.o(i.camera_new_pathname)
    i.check_fs                               0x00003298   Section        0  ff.o(i.check_fs)
    check_fs                                 0x00003299   Thumb Code   150  ff.o(i.check_fs)
    i.chk_chr                                0x00003338   Section        0  ff.o(i.chk_chr)
    chk_chr                                  0x00003339   Thumb Code    22  ff.o(i.chk_chr)
    i.chk_mounted                            0x00003350   Section        0  ff.o(i.chk_mounted)
    chk_mounted                              0x00003351   Thumb Code  1040  ff.o(i.chk_mounted)
    i.clust2sect                             0x0000377c   Section        0  ff.o(i.clust2sect)
    i.cmp_lfn                                0x00003798   Section        0  ff.o(i.cmp_lfn)
    cmp_lfn                                  0x00003799   Thumb Code   140  ff.o(i.cmp_lfn)
    i.create_chain                           0x0000382c   Section        0  ff.o(i.create_chain)
    create_chain                             0x0000382d   Thumb Code   202  ff.o(i.create_chain)
    i.create_name                            0x000038fc   Section        0  ff.o(i.create_name)
    create_name                              0x000038fd   Thumb Code   580  ff.o(i.create_name)
    i.dir_find                               0x00003b58   Section        0  ff.o(i.dir_find)
    dir_find                                 0x00003b59   Thumb Code   248  ff.o(i.dir_find)
    i.dir_next                               0x00003c50   Section        0  ff.o(i.dir_next)
    dir_next                                 0x00003c51   Thumb Code   292  ff.o(i.dir_next)
    i.dir_register                           0x00003d74   Section        0  ff.o(i.dir_register)
    dir_register                             0x00003d75   Thumb Code   422  ff.o(i.dir_register)
    i.dir_sdi                                0x00003f1a   Section        0  ff.o(i.dir_sdi)
    dir_sdi                                  0x00003f1b   Thumb Code   156  ff.o(i.dir_sdi)
    i.disk_initialize                        0x00003fb6   Section        0  diskio.o(i.disk_initialize)
    i.disk_ioctl                             0x00003fec   Section        0  diskio.o(i.disk_ioctl)
    i.disk_read                              0x00004090   Section        0  diskio.o(i.disk_read)
    i.disk_status                            0x000040ec   Section        0  diskio.o(i.disk_status)
    i.disk_write                             0x0000410c   Section        0  diskio.o(i.disk_write)
    i.exfuns_init                            0x00004168   Section        0  exfuns.o(i.exfuns_init)
    i.f_close                                0x000041ec   Section        0  ff.o(i.f_close)
    i.f_mount                                0x00004204   Section        0  ff.o(i.f_mount)
    i.f_open                                 0x00004234   Section        0  ff.o(i.f_open)
    i.f_sync                                 0x000043c8   Section        0  ff.o(i.f_sync)
    i.f_write                                0x0000448c   Section        0  ff.o(i.f_write)
    i.ff_convert                             0x000046bc   Section        0  ccsbcs.o(i.ff_convert)
    i.ff_wtoupper                            0x00004708   Section        0  ccsbcs.o(i.ff_wtoupper)
    i.fit_lfn                                0x00004740   Section        0  ff.o(i.fit_lfn)
    fit_lfn                                  0x00004741   Thumb Code   102  ff.o(i.fit_lfn)
    i.follow_path                            0x000047b0   Section        0  ff.o(i.follow_path)
    follow_path                              0x000047b1   Thumb Code   166  ff.o(i.follow_path)
    i.gen_numname                            0x00004856   Section        0  ff.o(i.gen_numname)
    i.get_fat                                0x000048fc   Section        0  ff.o(i.get_fat)
    i.get_fattime                            0x000049e4   Section        0  diskio.o(i.get_fattime)
    i.main                                   0x000049e8   Section        0  main.o(i.main)
    i.mem_cmp                                0x000049f4   Section        0  ff.o(i.mem_cmp)
    mem_cmp                                  0x000049f5   Thumb Code    42  ff.o(i.mem_cmp)
    i.mem_cpy                                0x00004a1e   Section        0  ff.o(i.mem_cpy)
    mem_cpy                                  0x00004a1f   Thumb Code    26  ff.o(i.mem_cpy)
    i.mem_set                                0x00004a38   Section        0  ff.o(i.mem_set)
    mem_set                                  0x00004a39   Thumb Code    20  ff.o(i.mem_set)
    i.move_window                            0x00004a4c   Section        0  ff.o(i.move_window)
    move_window                              0x00004a4d   Thumb Code   118  ff.o(i.move_window)
    i.my_mem_free                            0x00004ac4   Section        0  malloc.o(i.my_mem_free)
    i.my_mem_init                            0x00004b38   Section        0  malloc.o(i.my_mem_init)
    i.my_mem_malloc                          0x00004b7c   Section        0  malloc.o(i.my_mem_malloc)
    i.my_mem_perused                         0x00004c2c   Section        0  malloc.o(i.my_mem_perused)
    i.myfree                                 0x00004c70   Section        0  malloc.o(i.myfree)
    i.mymalloc                               0x00004c94   Section        0  malloc.o(i.mymalloc)
    i.mymemset                               0x00004cbc   Section        0  malloc.o(i.mymemset)
    i.pic_memalloc                           0x00004cd0   Section        0  piclib.o(i.pic_memalloc)
    i.pic_memfree                            0x00004cde   Section        0  piclib.o(i.pic_memfree)
    i.put_fat                                0x00004cec   Section        0  ff.o(i.put_fat)
    i.remove_chain                           0x00004e32   Section        0  ff.o(i.remove_chain)
    remove_chain                             0x00004e33   Thumb Code   108  ff.o(i.remove_chain)
    i.sum_sfn                                0x00004e9e   Section        0  ff.o(i.sum_sfn)
    sum_sfn                                  0x00004e9f   Thumb Code    32  ff.o(i.sum_sfn)
    i.sync                                   0x00004ebe   Section        0  ff.o(i.sync)
    sync                                     0x00004ebf   Thumb Code   300  ff.o(i.sync)
    i.validate                               0x00004fea   Section        0  ff.o(i.validate)
    validate                                 0x00004feb   Thumb Code    48  ff.o(i.validate)
    .constdata                               0x0000501c   Section       24  malloc.o(.constdata)
    .constdata                               0x00005034   Section      141  ff.o(.constdata)
    LfnOfs                                   0x00005034   Data          13  ff.o(.constdata)
    excvt                                    0x00005041   Data         128  ff.o(.constdata)
    .constdata                               0x000050c2   Section     1216  ccsbcs.o(.constdata)
    Tbl                                      0x000050c2   Data         256  ccsbcs.o(.constdata)
    tbl_lower                                0x000051c2   Data         480  ccsbcs.o(.constdata)
    tbl_upper                                0x000053a2   Data         480  ccsbcs.o(.constdata)
    .constdata                               0x00005582   Section      130  ov7725.o(.constdata)
    .constdata                               0x00005604   Section       68  ht32_board.o(.constdata)
    .conststring                             0x00005648   Section       22  gprs.o(.conststring)
    .data                                    0x20000000   Section        4  ht32f5xxxx_01_it.o(.data)
    .data                                    0x20000004   Section        5  system.o(.data)
    .data                                    0x2000000c   Section        4  system_ht32f5xxxx_01.o(.data)
    .data                                    0x20000010   Section       28  malloc.o(.data)
    .data                                    0x2000002c   Section        1  bsp_exti.o(.data)
    .data                                    0x20000030   Section        4  bsp_systick.o(.data)
    DelayTime                                0x20000030   Data           4  bsp_systick.o(.data)
    .data                                    0x20000034   Section        6  ff.o(.data)
    FatFs                                    0x20000034   Data           4  ff.o(.data)
    Fsid                                     0x20000038   Data           2  ff.o(.data)
    .data                                    0x2000003c   Section       24  exfuns.o(.data)
    .data                                    0x20000054   Section       16  gprs.o(.data)
    phone_num                                0x2000005c   Data           4  gprs.o(.data)
    .bss                                     0x20000064   Section     1414  main.o(.bss)
    .bss                                     0x200005ea   Section      100  ht32f5xxxx_01_it.o(.bss)
    .bss                                     0x20000650   Section      560  system.o(.bss)
    .bss                                     0x20000880   Section     5440  malloc.o(.bss)
    .bss                                     0x20001dc0   Section       88  spi_msd0_driver.o(.bss)
    .bss                                     0x20001e18   Section      512  ff.o(.bss)
    LfnBuf                                   0x20001e18   Data         512  ff.o(.bss)
    .bss                                     0x20002018   Section      128  gps.o(.bss)
    .bss                                     0x20002098   Section      165  gprs.o(.bss)
    STACK                                    0x20002140   Section     1024  startup_ht32f5xxxx_01.o(STACK)
    .ARM.__AT_0x68000000                     0x68000000   Section    983040  malloc.o(.ARM.__AT_0x68000000)
    .ARM.__AT_0x680F0000                     0x680f0000   Section    61440  malloc.o(.ARM.__AT_0x680F0000)

    Global Symbols

    Symbol Name                              Value     Ov Type        Size  Object(Section)

    BuildAttributes$$THM_ISAv3M$S$PE$A:L22$X:L11$S22$IEEE1$IW$USESV6$~STKCKD$USESV7$~SHL$OTIME$ROPI$IEEEJ$EBA8$MICROLIB$REQ8$PRES8$EABIv2 0x00000000   Number         0  anon$$obj.o ABSOLUTE
    __ARM_use_no_argv                        0x00000000   Number         0  main.o ABSOLUTE
    __Vectors                                0x00000000   Data           0  startup_ht32f5xxxx_01.o(RESET)
    __use_no_errno                           0x00000000   Number         0  useno.o ABSOLUTE
    __use_no_exception_handling              0x00000000   Number         0  useno.o ABSOLUTE
    __use_no_fp                              0x00000000   Number         0  useno.o ABSOLUTE
    __use_no_heap                            0x00000000   Number         0  useno.o ABSOLUTE
    __use_no_heap_region                     0x00000000   Number         0  useno.o ABSOLUTE
    __use_no_semihosting                     0x00000000   Number         0  useno.o ABSOLUTE
    __use_no_semihosting_swi                 0x00000000   Number         0  useno.o ABSOLUTE
    __use_no_signal_handling                 0x00000000   Number         0  useno.o ABSOLUTE
    _printf_a                                0x00000000   Number         0  stubs.o ABSOLUTE
    _printf_c                                0x00000000   Number         0  stubs.o ABSOLUTE
    _printf_charcount                        0x00000000   Number         0  stubs.o ABSOLUTE
    _printf_d                                0x00000000   Number         0  stubs.o ABSOLUTE
    _printf_e                                0x00000000   Number         0  stubs.o ABSOLUTE
    _printf_f                                0x00000000   Number         0  stubs.o ABSOLUTE
    _printf_flags                            0x00000000   Number         0  stubs.o ABSOLUTE
    _printf_fp_dec                           0x00000000   Number         0  stubs.o ABSOLUTE
    _printf_fp_hex                           0x00000000   Number         0  stubs.o ABSOLUTE
    _printf_g                                0x00000000   Number         0  stubs.o ABSOLUTE
    _printf_i                                0x00000000   Number         0  stubs.o ABSOLUTE
    _printf_int_dec                          0x00000000   Number         0  stubs.o ABSOLUTE
    _printf_l                                0x00000000   Number         0  stubs.o ABSOLUTE
    _printf_lc                               0x00000000   Number         0  stubs.o ABSOLUTE
    _printf_ll                               0x00000000   Number         0  stubs.o ABSOLUTE
    _printf_lld                              0x00000000   Number         0  stubs.o ABSOLUTE
    _printf_lli                              0x00000000   Number         0  stubs.o ABSOLUTE
    _printf_llo                              0x00000000   Number         0  stubs.o ABSOLUTE
    _printf_llu                              0x00000000   Number         0  stubs.o ABSOLUTE
    _printf_llx                              0x00000000   Number         0  stubs.o ABSOLUTE
    _printf_longlong_dec                     0x00000000   Number         0  stubs.o ABSOLUTE
    _printf_longlong_hex                     0x00000000   Number         0  stubs.o ABSOLUTE
    _printf_longlong_oct                     0x00000000   Number         0  stubs.o ABSOLUTE
    _printf_ls                               0x00000000   Number         0  stubs.o ABSOLUTE
    _printf_mbtowc                           0x00000000   Number         0  stubs.o ABSOLUTE
    _printf_n                                0x00000000   Number         0  stubs.o ABSOLUTE
    _printf_o                                0x00000000   Number         0  stubs.o ABSOLUTE
    _printf_p                                0x00000000   Number         0  stubs.o ABSOLUTE
    _printf_percent                          0x00000000   Number         0  stubs.o ABSOLUTE
    _printf_pre_padding                      0x00000000   Number         0  stubs.o ABSOLUTE
    _printf_return_value                     0x00000000   Number         0  stubs.o ABSOLUTE
    _printf_s                                0x00000000   Number         0  stubs.o ABSOLUTE
    _printf_sizespec                         0x00000000   Number         0  stubs.o ABSOLUTE
    _printf_str                              0x00000000   Number         0  stubs.o ABSOLUTE
    _printf_truncate_signed                  0x00000000   Number         0  stubs.o ABSOLUTE
    _printf_truncate_unsigned                0x00000000   Number         0  stubs.o ABSOLUTE
    _printf_u                                0x00000000   Number         0  stubs.o ABSOLUTE
    _printf_wc                               0x00000000   Number         0  stubs.o ABSOLUTE
    _printf_wctomb                           0x00000000   Number         0  stubs.o ABSOLUTE
    _printf_widthprec                        0x00000000   Number         0  stubs.o ABSOLUTE
    _printf_x                                0x00000000   Number         0  stubs.o ABSOLUTE
    __cpp_initialize__aeabi_                  - Undefined Weak Reference
    __cxa_finalize                            - Undefined Weak Reference
    __decompress                              - Undefined Weak Reference
    _clock_init                               - Undefined Weak Reference
    _microlib_exit                            - Undefined Weak Reference
    _scanf_int                                - Undefined Weak Reference
    _scanf_longlong                           - Undefined Weak Reference
    Reset_Handler                            0x000000c1   Thumb Code    12  startup_ht32f5xxxx_01.o(RESET)
    ADC_IRQHandler                           0x00000103   Thumb Code     0  startup_ht32f5xxxx_01.o(RESET)
    AES_IRQHandler                           0x00000103   Thumb Code     0  startup_ht32f5xxxx_01.o(RESET)
    BFTM1_IRQHandler                         0x00000103   Thumb Code     0  startup_ht32f5xxxx_01.o(RESET)
    COMP_IRQHandler                          0x00000103   Thumb Code     0  startup_ht32f5xxxx_01.o(RESET)
    EVWUP_IRQHandler                         0x00000103   Thumb Code     0  startup_ht32f5xxxx_01.o(RESET)
    EXTI0_1_IRQHandler                       0x00000103   Thumb Code     0  startup_ht32f5xxxx_01.o(RESET)
    EXTI2_3_IRQHandler                       0x00000103   Thumb Code     0  startup_ht32f5xxxx_01.o(RESET)
    FLASH_IRQHandler                         0x00000103   Thumb Code     0  startup_ht32f5xxxx_01.o(RESET)
    GPTM0_IRQHandler                         0x00000103   Thumb Code     0  startup_ht32f5xxxx_01.o(RESET)
    GPTM1_IRQHandler                         0x00000103   Thumb Code     0  startup_ht32f5xxxx_01.o(RESET)
    I2C0_IRQHandler                          0x00000103   Thumb Code     0  startup_ht32f5xxxx_01.o(RESET)
    I2C1_IRQHandler                          0x00000103   Thumb Code     0  startup_ht32f5xxxx_01.o(RESET)
    I2S_IRQHandler                           0x00000103   Thumb Code     0  startup_ht32f5xxxx_01.o(RESET)
    LVD_BOD_IRQHandler                       0x00000103   Thumb Code     0  startup_ht32f5xxxx_01.o(RESET)
    MCTM0_IRQHandler                         0x00000103   Thumb Code     0  startup_ht32f5xxxx_01.o(RESET)
    PDMA_CH0_1_IRQHandler                    0x00000103   Thumb Code     0  startup_ht32f5xxxx_01.o(RESET)
    PDMA_CH2_5_IRQHandler                    0x00000103   Thumb Code     0  startup_ht32f5xxxx_01.o(RESET)
    PWM0_IRQHandler                          0x00000103   Thumb Code     0  startup_ht32f5xxxx_01.o(RESET)
    PWM1_IRQHandler                          0x00000103   Thumb Code     0  startup_ht32f5xxxx_01.o(RESET)
    RTC_IRQHandler                           0x00000103   Thumb Code     0  startup_ht32f5xxxx_01.o(RESET)
    SCI_IRQHandler                           0x00000103   Thumb Code     0  startup_ht32f5xxxx_01.o(RESET)
    SCTM0_IRQHandler                         0x00000103   Thumb Code     0  startup_ht32f5xxxx_01.o(RESET)
    SCTM1_IRQHandler                         0x00000103   Thumb Code     0  startup_ht32f5xxxx_01.o(RESET)
    SCTM2_IRQHandler                         0x00000103   Thumb Code     0  startup_ht32f5xxxx_01.o(RESET)
    SCTM3_IRQHandler                         0x00000103   Thumb Code     0  startup_ht32f5xxxx_01.o(RESET)
    SPI0_IRQHandler                          0x00000103   Thumb Code     0  startup_ht32f5xxxx_01.o(RESET)
    SPI1_IRQHandler                          0x00000103   Thumb Code     0  startup_ht32f5xxxx_01.o(RESET)
    UART0_IRQHandler                         0x00000103   Thumb Code     0  startup_ht32f5xxxx_01.o(RESET)
    UART2_IRQHandler                         0x00000103   Thumb Code     0  startup_ht32f5xxxx_01.o(RESET)
    UART3_IRQHandler                         0x00000103   Thumb Code     0  startup_ht32f5xxxx_01.o(RESET)
    USB_IRQHandler                           0x00000103   Thumb Code     0  startup_ht32f5xxxx_01.o(RESET)
    __main                                   0x0000011d   Thumb Code     0  entry.o(.ARM.Collect$$$$00000000)
    _main_stk                                0x0000011d   Thumb Code     0  entry2.o(.ARM.Collect$$$$00000001)
    _main_scatterload                        0x00000121   Thumb Code     0  entry5.o(.ARM.Collect$$$$00000004)
    __main_after_scatterload                 0x00000125   Thumb Code     0  entry5.o(.ARM.Collect$$$$00000004)
    _main_clock                              0x00000125   Thumb Code     0  entry7b.o(.ARM.Collect$$$$00000008)
    _main_cpp_init                           0x00000125   Thumb Code     0  entry8b.o(.ARM.Collect$$$$0000000A)
    _main_init                               0x00000125   Thumb Code     0  entry9a.o(.ARM.Collect$$$$0000000B)
    __rt_final_cpp                           0x0000012d   Thumb Code     0  entry10a.o(.ARM.Collect$$$$0000000D)
    __rt_final_exit                          0x0000012d   Thumb Code     0  entry11a.o(.ARM.Collect$$$$0000000F)
    __aeabi_uidiv                            0x00000131   Thumb Code     0  uidiv.o(.text)
    __aeabi_uidivmod                         0x00000131   Thumb Code    44  uidiv.o(.text)
    __aeabi_idiv                             0x0000015d   Thumb Code     0  idiv.o(.text)
    __aeabi_idivmod                          0x0000015d   Thumb Code    40  idiv.o(.text)
    __aeabi_memcpy                           0x00000185   Thumb Code    36  memcpya.o(.text)
    __aeabi_memcpy4                          0x00000185   Thumb Code     0  memcpya.o(.text)
    __aeabi_memcpy8                          0x00000185   Thumb Code     0  memcpya.o(.text)
    __aeabi_memset                           0x000001a9   Thumb Code    14  memseta.o(.text)
    __aeabi_memset4                          0x000001a9   Thumb Code     0  memseta.o(.text)
    __aeabi_memset8                          0x000001a9   Thumb Code     0  memseta.o(.text)
    __aeabi_memclr                           0x000001b7   Thumb Code     4  memseta.o(.text)
    __aeabi_memclr4                          0x000001b7   Thumb Code     0  memseta.o(.text)
    __aeabi_memclr8                          0x000001b7   Thumb Code     0  memseta.o(.text)
    _memset$wrapper                          0x000001bb   Thumb Code    18  memseta.o(.text)
    __aeabi_uread4                           0x000001cd   Thumb Code    20  uread4.o(.text)
    __rt_uread4                              0x000001cd   Thumb Code     0  uread4.o(.text)
    _uread4                                  0x000001cd   Thumb Code     0  uread4.o(.text)
    __aeabi_uwrite4                          0x000001e1   Thumb Code    18  uwrite4.o(.text)
    __rt_uwrite4                             0x000001e1   Thumb Code     0  uwrite4.o(.text)
    _uwrite4                                 0x000001e1   Thumb Code     0  uwrite4.o(.text)
    __aeabi_dadd                             0x000001f5   Thumb Code   328  dadd.o(.text)
    __aeabi_dsub                             0x0000033d   Thumb Code    12  dadd.o(.text)
    __aeabi_drsub                            0x00000349   Thumb Code    12  dadd.o(.text)
    __aeabi_dmul                             0x00000359   Thumb Code   202  dmul.o(.text)
    __aeabi_ddiv                             0x00000429   Thumb Code   234  ddiv.o(.text)
    __aeabi_uldivmod                         0x00000519   Thumb Code    96  uldiv.o(.text)
    __aeabi_llsl                             0x00000579   Thumb Code    32  llshl.o(.text)
    _ll_shift_l                              0x00000579   Thumb Code     0  llshl.o(.text)
    __aeabi_llsr                             0x00000599   Thumb Code    34  llushr.o(.text)
    _ll_ushift_r                             0x00000599   Thumb Code     0  llushr.o(.text)
    __aeabi_lasr                             0x000005bb   Thumb Code    38  llsshr.o(.text)
    _ll_sshift_r                             0x000005bb   Thumb Code     0  llsshr.o(.text)
    __I$use$fp                               0x000005e1   Thumb Code     0  iusefp.o(.text)
    _double_round                            0x000005e1   Thumb Code    26  depilogue.o(.text)
    _double_epilogue                         0x000005fb   Thumb Code   164  depilogue.o(.text)
    __aeabi_d2ulz                            0x000006a1   Thumb Code    54  dfixul.o(.text)
    __aeabi_cdrcmple                         0x000006e1   Thumb Code    38  cdrcmple.o(.text)
    __scatterload                            0x00000709   Thumb Code    28  init.o(.text)
    __scatterload_rt2                        0x00000709   Thumb Code     0  init.o(.text)
    AFIO_EXTISourceConfig                    0x0000072d   Thumb Code    58  ht32f5xxxx_gpio.o(i.AFIO_EXTISourceConfig)
    AFIO_GPxConfig                           0x0000076d   Thumb Code    94  ht32f5xxxx_gpio.o(i.AFIO_GPxConfig)
    BFTM0_IRQHandler                         0x000007d1   Thumb Code    44  bsp_bftm.o(i.BFTM0_IRQHandler)
    BFTM_ClearFlag                           0x00000805   Thumb Code    14  ht32f5xxxx_bftm.o(i.BFTM_ClearFlag)
    BFTM_EnaCmd                              0x00000813   Thumb Code    24  ht32f5xxxx_bftm.o(i.BFTM_EnaCmd)
    BFTM_IntConfig                           0x0000082b   Thumb Code    24  ht32f5xxxx_bftm.o(i.BFTM_IntConfig)
    BFTM_SetCompare                          0x00000843   Thumb Code     4  ht32f5xxxx_bftm.o(i.BFTM_SetCompare)
    BFTM_SetCounter                          0x00000847   Thumb Code     4  ht32f5xxxx_bftm.o(i.BFTM_SetCounter)
    BF_TIM_int                               0x0000084d   Thumb Code   110  bsp_bftm.o(i.BF_TIM_int)
    BackTask                                 0x000008cd   Thumb Code     8  system.o(i.BackTask)
    CKCU_GetClocksFrequency                  0x000008d5   Thumb Code   130  ht32f5xxxx_ckcu.o(i.CKCU_GetClocksFrequency)
    CKCU_GetPLLFrequency                     0x00000961   Thumb Code    96  ht32f5xxxx_ckcu.o(i.CKCU_GetPLLFrequency)
    CKCU_GetPeripFrequency                   0x000009c9   Thumb Code    50  ht32f5xxxx_ckcu.o(i.CKCU_GetPeripFrequency)
    CKCU_PeripClockConfig                    0x00000a01   Thumb Code    60  ht32f5xxxx_ckcu.o(i.CKCU_PeripClockConfig)
    Delay_10us                               0x00000a41   Thumb Code    32  bsp_systick.o(i.Delay_10us)
    EXTI4_15_IRQHandler                      0x00000a65   Thumb Code   128  bsp_exti.o(i.EXTI4_15_IRQHandler)
    EXTIX_Init                               0x00000aed   Thumb Code   166  bsp_exti.o(i.EXTIX_Init)
    EXTI_ClearEdgeFlag                       0x00000b9d   Thumb Code    16  ht32f5xxxx_exti.o(i.EXTI_ClearEdgeFlag)
    EXTI_GetEdgeStatus                       0x00000bb1   Thumb Code    44  ht32f5xxxx_exti.o(i.EXTI_GetEdgeStatus)
    EXTI_Init                                0x00000be1   Thumb Code    28  ht32f5xxxx_exti.o(i.EXTI_Init)
    EXTI_IntConfig                           0x00000c01   Thumb Code    36  ht32f5xxxx_exti.o(i.EXTI_IntConfig)
    GPIO_DirectionConfig                     0x00000c29   Thumb Code    20  ht32f5xxxx_gpio.o(i.GPIO_DirectionConfig)
    GPIO_InputConfig                         0x00000c3d   Thumb Code    20  ht32f5xxxx_gpio.o(i.GPIO_InputConfig)
    GPIO_OpenDrainConfig                     0x00000c51   Thumb Code    20  ht32f5xxxx_gpio.o(i.GPIO_OpenDrainConfig)
    GPIO_PullResistorConfig                  0x00000c65   Thumb Code    50  ht32f5xxxx_gpio.o(i.GPIO_PullResistorConfig)
    GPIO_ReadInBit                           0x00000c97   Thumb Code    18  ht32f5xxxx_gpio.o(i.GPIO_ReadInBit)
    GPIO_ReadInData                          0x00000ca9   Thumb Code     8  ht32f5xxxx_gpio.o(i.GPIO_ReadInData)
    GPIO_SetOutBits                          0x00000cb1   Thumb Code     4  ht32f5xxxx_gpio.o(i.GPIO_SetOutBits)
    GPIO_WriteOutBits                        0x00000cb5   Thumb Code    12  ht32f5xxxx_gpio.o(i.GPIO_WriteOutBits)
    HardFault_Handler                        0x00000cc1   Thumb Code     4  ht32f5xxxx_01_it.o(i.HardFault_Handler)
    MSD0_GetCardInfo                         0x00000cc5   Thumb Code   804  spi_msd0_driver.o(i.MSD0_GetCardInfo)
    MSD0_Init                                0x00000fe9   Thumb Code   548  spi_msd0_driver.o(i.MSD0_Init)
    MSD0_ReadMultiBlock                      0x00001219   Thumb Code   112  spi_msd0_driver.o(i.MSD0_ReadMultiBlock)
    MSD0_ReadSingleBlock                     0x00001291   Thumb Code    62  spi_msd0_driver.o(i.MSD0_ReadSingleBlock)
    MSD0_SPIHighSpeed                        0x000012d5   Thumb Code    12  spi_msd0_driver.o(i.MSD0_SPIHighSpeed)
    MSD0_SPI_Configuration                   0x000012e1   Thumb Code     8  spi_msd0_driver.o(i.MSD0_SPI_Configuration)
    MSD0_WriteMultiBlock                     0x000012e9   Thumb Code   274  spi_msd0_driver.o(i.MSD0_WriteMultiBlock)
    MSD0_WriteSingleBlock                    0x00001405   Thumb Code   184  spi_msd0_driver.o(i.MSD0_WriteSingleBlock)
    MSD0_read_buffer                         0x000014c5   Thumb Code   116  spi_msd0_driver.o(i.MSD0_read_buffer)
    MSD0_send_command                        0x0000153d   Thumb Code   106  spi_msd0_driver.o(i.MSD0_send_command)
    MSD0_send_command_hold                   0x000015ad   Thumb Code    94  spi_msd0_driver.o(i.MSD0_send_command_hold)
    MSD0_spi_read_write                      0x00001611   Thumb Code    12  spi_msd0_driver.o(i.MSD0_spi_read_write)
    NMI_Handler                              0x0000161d   Thumb Code     2  ht32f5xxxx_01_it.o(i.NMI_Handler)
    OV7725_Brightness                        0x0000161f   Thumb Code    98  ov7725.o(i.OV7725_Brightness)
    OV7725_Color_Saturation                  0x00001681   Thumb Code    42  ov7725.o(i.OV7725_Color_Saturation)
    OV7725_Contrast                          0x000016ab   Thumb Code    36  ov7725.o(i.OV7725_Contrast)
    OV7725_Init                              0x000016d1   Thumb Code   480  ov7725.o(i.OV7725_Init)
    OV7725_Light_Mode                        0x000018c5   Thumb Code   274  ov7725.o(i.OV7725_Light_Mode)
    OV7725_Special_Effects                   0x000019d7   Thumb Code   190  ov7725.o(i.OV7725_Special_Effects)
    OV7725_Window_Set                        0x00001a95   Thumb Code   368  ov7725.o(i.OV7725_Window_Set)
    PendSV_Handler                           0x00001c05   Thumb Code     2  ht32f5xxxx_01_it.o(i.PendSV_Handler)
    SCCB_Init                                0x00001c09   Thumb Code   170  sccb.o(i.SCCB_Init)
    SCCB_No_Ack                              0x00001cb9   Thumb Code    56  sccb.o(i.SCCB_No_Ack)
    SCCB_RD_Byte                             0x00001cf5   Thumb Code   138  sccb.o(i.SCCB_RD_Byte)
    SCCB_RD_Reg                              0x00001d89   Thumb Code    78  sccb.o(i.SCCB_RD_Reg)
    SCCB_Start                               0x00001dd9   Thumb Code    44  sccb.o(i.SCCB_Start)
    SCCB_Stop                                0x00001e09   Thumb Code    46  sccb.o(i.SCCB_Stop)
    SCCB_WR_Byte                             0x00001e3d   Thumb Code   194  sccb.o(i.SCCB_WR_Byte)
    SCCB_WR_Reg                              0x00001f09   Thumb Code    68  sccb.o(i.SCCB_WR_Reg)
    SPI1_Gpio_Init                           0x00001f4d   Thumb Code   130  bsp_spi.o(i.SPI1_Gpio_Init)
    SPI1_Init                                0x00001fdd   Thumb Code    78  bsp_spi.o(i.SPI1_Init)
    SPI1_ReadWrite                           0x00002031   Thumb Code    48  bsp_spi.o(i.SPI1_ReadWrite)
    SPI_Cmd                                  0x00002065   Thumb Code    24  ht32f5xxxx_spi.o(i.SPI_Cmd)
    SPI_GetFlagStatus                        0x0000207d   Thumb Code    26  ht32f5xxxx_spi.o(i.SPI_GetFlagStatus)
    SPI_Init                                 0x00002097   Thumb Code    76  ht32f5xxxx_spi.o(i.SPI_Init)
    SPI_ReceiveData                          0x000020e3   Thumb Code     8  ht32f5xxxx_spi.o(i.SPI_ReceiveData)
    SPI_SELOutputCmd                         0x000020eb   Thumb Code    24  ht32f5xxxx_spi.o(i.SPI_SELOutputCmd)
    SPI_SendData                             0x00002103   Thumb Code     4  ht32f5xxxx_spi.o(i.SPI_SendData)
    SVC_Handler                              0x00002107   Thumb Code     2  ht32f5xxxx_01_it.o(i.SVC_Handler)
    SYSTICK_ClockSourceConfig                0x00002109   Thumb Code    32  ht32_cm0plus_misc.o(i.SYSTICK_ClockSourceConfig)
    SYSTICK_CounterCmd                       0x0000212d   Thumb Code    44  ht32_cm0plus_misc.o(i.SYSTICK_CounterCmd)
    SYSTICK_IntConfig                        0x0000215d   Thumb Code    32  ht32_cm0plus_misc.o(i.SYSTICK_IntConfig)
    SYSTICK_SetReloadValue                   0x00002181   Thumb Code     6  ht32_cm0plus_misc.o(i.SYSTICK_SetReloadValue)
    SysInit                                  0x0000218d   Thumb Code   112  system.o(i.SysInit)
    SysTick_Handler                          0x00002209   Thumb Code     8  ht32f5xxxx_01_it.o(i.SysTick_Handler)
    SysTick_Init                             0x00002211   Thumb Code    36  bsp_systick.o(i.SysTick_Init)
    SystemInit                               0x0000223d   Thumb Code   304  system_ht32f5xxxx_01.o(i.SystemInit)
    TimingDelay                              0x00002431   Thumb Code    20  bsp_systick.o(i.TimingDelay)
    UART1_IRQHandler                         0x00002449   Thumb Code    68  ht32f5xxxx_01_it.o(i.UART1_IRQHandler)
    USART0_IRQHandler                        0x0000249d   Thumb Code   130  ht32f5xxxx_01_it.o(i.USART0_IRQHandler)
    USART1_IRQHandler                        0x00002535   Thumb Code    24  ht32f5xxxx_01_it.o(i.USART1_IRQHandler)
    USART1_Init                              0x00002551   Thumb Code   116  bsp_uart.o(i.USART1_Init)
    USART_ClearFlag                          0x000025c9   Thumb Code     8  ht32f5xxxx_usart.o(i.USART_ClearFlag)
    USART_GetFlagStatus                      0x000025d1   Thumb Code    18  ht32f5xxxx_usart.o(i.USART_GetFlagStatus)
    USART_Init                               0x000025e5   Thumb Code   122  ht32f5xxxx_usart.o(i.USART_Init)
    USART_ReceiveData                        0x00002671   Thumb Code     8  ht32f5xxxx_usart.o(i.USART_ReceiveData)
    USART_TxRxCmd                            0x00002679   Thumb Code    30  ht32f5xxxx_usart.o(i.USART_TxRxCmd)
    __0sprintf                               0x00002699   Thumb Code    36  printfa.o(i.__0sprintf)
    __1sprintf                               0x00002699   Thumb Code     0  printfa.o(i.__0sprintf)
    __2sprintf                               0x00002699   Thumb Code     0  printfa.o(i.__0sprintf)
    __c89sprintf                             0x00002699   Thumb Code     0  printfa.o(i.__0sprintf)
    sprintf                                  0x00002699   Thumb Code     0  printfa.o(i.__0sprintf)
    __ARM_clz                                0x000026c1   Thumb Code    46  depilogue.o(i.__ARM_clz)
    __ARM_common_switch8                     0x000026ef   Thumb Code    28  ht32f5xxxx_ckcu.o(i.__ARM_common_switch8)
    __scatterload_copy                       0x0000270b   Thumb Code    14  handlers.o(i.__scatterload_copy)
    __scatterload_null                       0x00002719   Thumb Code     2  handlers.o(i.__scatterload_null)
    __scatterload_zeroinit                   0x0000271b   Thumb Code    14  handlers.o(i.__scatterload_zeroinit)
    bmp_encode                               0x00002fc5   Thumb Code   630  bmp.o(i.bmp_encode)
    camera_new_pathname                      0x00003249   Thumb Code    52  bmp.o(i.camera_new_pathname)
    clust2sect                               0x0000377d   Thumb Code    26  ff.o(i.clust2sect)
    disk_initialize                          0x00003fb7   Thumb Code    54  diskio.o(i.disk_initialize)
    disk_ioctl                               0x00003fed   Thumb Code   160  diskio.o(i.disk_ioctl)
    disk_read                                0x00004091   Thumb Code    92  diskio.o(i.disk_read)
    disk_status                              0x000040ed   Thumb Code    32  diskio.o(i.disk_status)
    disk_write                               0x0000410d   Thumb Code    92  diskio.o(i.disk_write)
    exfuns_init                              0x00004169   Thumb Code   114  exfuns.o(i.exfuns_init)
    f_close                                  0x000041ed   Thumb Code    22  ff.o(i.f_close)
    f_mount                                  0x00004205   Thumb Code    44  ff.o(i.f_mount)
    f_open                                   0x00004235   Thumb Code   398  ff.o(i.f_open)
    f_sync                                   0x000043c9   Thumb Code   196  ff.o(i.f_sync)
    f_write                                  0x0000448d   Thumb Code   558  ff.o(i.f_write)
    ff_convert                               0x000046bd   Thumb Code    72  ccsbcs.o(i.ff_convert)
    ff_wtoupper                              0x00004709   Thumb Code    48  ccsbcs.o(i.ff_wtoupper)
    gen_numname                              0x00004857   Thumb Code   166  ff.o(i.gen_numname)
    get_fat                                  0x000048fd   Thumb Code   232  ff.o(i.get_fat)
    get_fattime                              0x000049e5   Thumb Code     4  diskio.o(i.get_fattime)
    main                                     0x000049e9   Thumb Code    12  main.o(i.main)
    my_mem_free                              0x00004ac5   Thumb Code   102  malloc.o(i.my_mem_free)
    my_mem_init                              0x00004b39   Thumb Code    54  malloc.o(i.my_mem_init)
    my_mem_malloc                            0x00004b7d   Thumb Code   162  malloc.o(i.my_mem_malloc)
    my_mem_perused                           0x00004c2d   Thumb Code    58  malloc.o(i.my_mem_perused)
    myfree                                   0x00004c71   Thumb Code    32  malloc.o(i.myfree)
    mymalloc                                 0x00004c95   Thumb Code    34  malloc.o(i.mymalloc)
    mymemset                                 0x00004cbd   Thumb Code    20  malloc.o(i.mymemset)
    pic_memalloc                             0x00004cd1   Thumb Code    14  piclib.o(i.pic_memalloc)
    pic_memfree                              0x00004cdf   Thumb Code    14  piclib.o(i.pic_memfree)
    put_fat                                  0x00004ced   Thumb Code   326  ff.o(i.put_fat)
    memtblsize                               0x0000501c   Data           8  malloc.o(.constdata)
    memblksize                               0x00005024   Data           8  malloc.o(.constdata)
    memsize                                  0x0000502c   Data           8  malloc.o(.constdata)
    ov7725_init_reg_tb1                      0x00005582   Data         130  ov7725.o(.constdata)
    GPIO_PORT                                0x00005604   Data          24  ht32_board.o(.constdata)
    LED_GPIO_ID                              0x0000561c   Data           3  ht32_board.o(.constdata)
    LED_GPIO_PIN                             0x00005620   Data           6  ht32_board.o(.constdata)
    LED_AFIO_MODE                            0x00005626   Data           3  ht32_board.o(.constdata)
    BUTTON_GPIO_ID                           0x00005629   Data           3  ht32_board.o(.constdata)
    BUTTON_GPIO_PIN                          0x0000562c   Data           6  ht32_board.o(.constdata)
    BUTTON_AFIO_MODE                         0x00005632   Data           3  ht32_board.o(.constdata)
    BUTTON_EXTI_CH                           0x00005635   Data           3  ht32_board.o(.constdata)
    gCOMInfo                                 0x00005638   Data          16  ht32_board.o(.constdata)
    Region$$Table$$Base                      0x00005660   Number         0  anon$$obj.o(Region$$Table)
    Region$$Table$$Limit                     0x00005680   Number         0  anon$$obj.o(Region$$Table)
    Usart0_point                             0x20000000   Data           1  ht32f5xxxx_01_it.o(.data)
    Usart0_res                               0x20000001   Data           1  ht32f5xxxx_01_it.o(.data)
    Usart1_res                               0x20000002   Data           1  ht32f5xxxx_01_it.o(.data)
    Uart1_res                                0x20000003   Data           1  ht32f5xxxx_01_it.o(.data)
    pname                                    0x20000004   Data           4  system.o(.data)
    z                                        0x20000008   Data           1  system.o(.data)
    SystemCoreClock                          0x2000000c   Data           4  system_ht32f5xxxx_01.o(.data)
    mallco_dev                               0x20000010   Data          28  malloc.o(.data)
    ov_sta                                   0x2000002c   Data           1  bsp_exti.o(.data)
    fs                                       0x2000003c   Data           4  exfuns.o(.data)
    file                                     0x20000040   Data           4  exfuns.o(.data)
    ftemp                                    0x20000044   Data           4  exfuns.o(.data)
    br                                       0x20000048   Data           4  exfuns.o(.data)
    bw                                       0x2000004c   Data           4  exfuns.o(.data)
    fatbuf                                   0x20000050   Data           4  exfuns.o(.data)
    First_Int                                0x20000054   Data           1  gprs.o(.data)
    reg                                      0x20000058   Data           4  gprs.o(.data)
    ret                                      0x20000060   Data           4  gprs.o(.data)
    g_val                                    0x20000064   Data          36  main.o(.bss)
    g_Timer                                  0x20000088   Data          32  main.o(.bss)
    fsrc                                     0x200000a8   Data         548  main.o(.bss)
    fdst                                     0x200002cc   Data         548  main.o(.bss)
    buffer                                   0x200004f0   Data         250  main.o(.bss)
    Usart0_Rxbuff                            0x200005ea   Data         100  ht32f5xxxx_01_it.o(.bss)
    g_fs                                     0x20000650   Data         560  system.o(.bss)
    mem1base                                 0x20000880   Data        5120  malloc.o(.bss)
    mem1mapbase                              0x20001c80   Data         320  malloc.o(.bss)
    SD0_CardInfo                             0x20001dc0   Data          88  spi_msd0_driver.o(.bss)
    GPS_Buff                                 0x20002018   Data         100  gps.o(.bss)
    gps_data                                 0x20002080   Data          24  gps.o(.bss)
    Uart1_Buf                                0x20002098   Data         100  gprs.o(.bss)
    server_ip_port_cmd                       0x200020fc   Data          45  gprs.o(.bss)
    error_result                             0x20002129   Data          20  gprs.o(.bss)
    __initial_sp                             0x20002540   Data           0  startup_ht32f5xxxx_01.o(STACK)
    mem2base                                 0x68000000   Data       983040  malloc.o(.ARM.__AT_0x68000000)
    mem2mapbase                              0x680f0000   Data       61440  malloc.o(.ARM.__AT_0x680F0000)



==============================================================================

Memory Map of the image

  Image Entry point : 0x000000c1

  Load Region LR_IROM1 (Base: 0x00000000, Size: 0x000056e4, Max: 0x0001fe00, ABSOLUTE)

    Execution Region ER_IROM1 (Base: 0x00000000, Size: 0x00005680, Max: 0x0001fe00, ABSOLUTE)

    Base Addr    Size         Type   Attr      Idx    E Section Name        Object

    0x00000000   0x0000011c   Code   RO          377  * RESET               startup_ht32f5xxxx_01.o
    0x0000011c   0x00000000   Code   RO         4795  * .ARM.Collect$$$$00000000  mc_p.l(entry.o)
    0x0000011c   0x00000004   Code   RO         5099    .ARM.Collect$$$$00000001  mc_p.l(entry2.o)
    0x00000120   0x00000004   Code   RO         5102    .ARM.Collect$$$$00000004  mc_p.l(entry5.o)
    0x00000124   0x00000000   Code   RO         5104    .ARM.Collect$$$$00000008  mc_p.l(entry7b.o)
    0x00000124   0x00000000   Code   RO         5106    .ARM.Collect$$$$0000000A  mc_p.l(entry8b.o)
    0x00000124   0x00000008   Code   RO         5107    .ARM.Collect$$$$0000000B  mc_p.l(entry9a.o)
    0x0000012c   0x00000000   Code   RO         5109    .ARM.Collect$$$$0000000D  mc_p.l(entry10a.o)
    0x0000012c   0x00000000   Code   RO         5111    .ARM.Collect$$$$0000000F  mc_p.l(entry11a.o)
    0x0000012c   0x00000004   Code   RO         5100    .ARM.Collect$$$$00002712  mc_p.l(entry2.o)
    0x00000130   0x0000002c   Code   RO         4798    .text               mc_p.l(uidiv.o)
    0x0000015c   0x00000028   Code   RO         4800    .text               mc_p.l(idiv.o)
    0x00000184   0x00000024   Code   RO         4802    .text               mc_p.l(memcpya.o)
    0x000001a8   0x00000024   Code   RO         4804    .text               mc_p.l(memseta.o)
    0x000001cc   0x00000014   Code   RO         5077    .text               mc_p.l(uread4.o)
    0x000001e0   0x00000012   Code   RO         5079    .text               mc_p.l(uwrite4.o)
    0x000001f2   0x00000002   PAD
    0x000001f4   0x00000164   Code   RO         5085    .text               mf_p.l(dadd.o)
    0x00000358   0x000000d0   Code   RO         5087    .text               mf_p.l(dmul.o)
    0x00000428   0x000000f0   Code   RO         5089    .text               mf_p.l(ddiv.o)
    0x00000518   0x00000060   Code   RO         5113    .text               mc_p.l(uldiv.o)
    0x00000578   0x00000020   Code   RO         5115    .text               mc_p.l(llshl.o)
    0x00000598   0x00000022   Code   RO         5117    .text               mc_p.l(llushr.o)
    0x000005ba   0x00000026   Code   RO         5119    .text               mc_p.l(llsshr.o)
    0x000005e0   0x00000000   Code   RO         5134    .text               mc_p.l(iusefp.o)
    0x000005e0   0x000000be   Code   RO         5135    .text               mf_p.l(depilogue.o)
    0x0000069e   0x00000002   PAD
    0x000006a0   0x00000040   Code   RO         5139    .text               mf_p.l(dfixul.o)
    0x000006e0   0x00000028   Code   RO         5141    .text               mf_p.l(cdrcmple.o)
    0x00000708   0x00000024   Code   RO         5143    .text               mc_p.l(init.o)
    0x0000072c   0x00000040   Code   RO         1260    i.AFIO_EXTISourceConfig  ht32f5xxxx_gpio.o
    0x0000076c   0x00000064   Code   RO         1261    i.AFIO_GPxConfig    ht32f5xxxx_gpio.o
    0x000007d0   0x00000034   Code   RO         3560    i.BFTM0_IRQHandler  bsp_bftm.o
    0x00000804   0x0000000e   Code   RO          625    i.BFTM_ClearFlag    ht32f5xxxx_bftm.o
    0x00000812   0x00000018   Code   RO          627    i.BFTM_EnaCmd       ht32f5xxxx_bftm.o
    0x0000082a   0x00000018   Code   RO          631    i.BFTM_IntConfig    ht32f5xxxx_bftm.o
    0x00000842   0x00000004   Code   RO          633    i.BFTM_SetCompare   ht32f5xxxx_bftm.o
    0x00000846   0x00000004   Code   RO          634    i.BFTM_SetCounter   ht32f5xxxx_bftm.o
    0x0000084a   0x00000002   PAD
    0x0000084c   0x00000080   Code   RO         3561    i.BF_TIM_int        bsp_bftm.o
    0x000008cc   0x00000008   Code   RO          336    i.BackTask          system.o
    0x000008d4   0x0000008c   Code   RO          705    i.CKCU_GetClocksFrequency  ht32f5xxxx_ckcu.o
    0x00000960   0x00000068   Code   RO          707    i.CKCU_GetPLLFrequency  ht32f5xxxx_ckcu.o
    0x000009c8   0x00000038   Code   RO          708    i.CKCU_GetPeripFrequency  ht32f5xxxx_ckcu.o
    0x00000a00   0x00000040   Code   RO          723    i.CKCU_PeripClockConfig  ht32f5xxxx_ckcu.o
    0x00000a40   0x00000024   Code   RO         3794    i.Delay_10us        bsp_systick.o
    0x00000a64   0x00000088   Code   RO         3592    i.EXTI4_15_IRQHandler  bsp_exti.o
    0x00000aec   0x000000b0   Code   RO         3593    i.EXTIX_Init        bsp_exti.o
    0x00000b9c   0x00000014   Code   RO         1081    i.EXTI_ClearEdgeFlag  ht32f5xxxx_exti.o
    0x00000bb0   0x00000030   Code   RO         1084    i.EXTI_GetEdgeStatus  ht32f5xxxx_exti.o
    0x00000be0   0x00000020   Code   RO         1087    i.EXTI_Init         ht32f5xxxx_exti.o
    0x00000c00   0x00000028   Code   RO         1088    i.EXTI_IntConfig    ht32f5xxxx_exti.o
    0x00000c28   0x00000014   Code   RO         1264    i.GPIO_DirectionConfig  ht32f5xxxx_gpio.o
    0x00000c3c   0x00000014   Code   RO         1267    i.GPIO_InputConfig  ht32f5xxxx_gpio.o
    0x00000c50   0x00000014   Code   RO         1270    i.GPIO_OpenDrainConfig  ht32f5xxxx_gpio.o
    0x00000c64   0x00000032   Code   RO         1272    i.GPIO_PullResistorConfig  ht32f5xxxx_gpio.o
    0x00000c96   0x00000012   Code   RO         1273    i.GPIO_ReadInBit    ht32f5xxxx_gpio.o
    0x00000ca8   0x00000008   Code   RO         1274    i.GPIO_ReadInData   ht32f5xxxx_gpio.o
    0x00000cb0   0x00000004   Code   RO         1277    i.GPIO_SetOutBits   ht32f5xxxx_gpio.o
    0x00000cb4   0x0000000c   Code   RO         1278    i.GPIO_WriteOutBits  ht32f5xxxx_gpio.o
    0x00000cc0   0x00000004   Code   RO          258    i.HardFault_Handler  ht32f5xxxx_01_it.o
    0x00000cc4   0x00000324   Code   RO         3833    i.MSD0_GetCardInfo  spi_msd0_driver.o
    0x00000fe8   0x00000230   Code   RO         3834    i.MSD0_Init         spi_msd0_driver.o
    0x00001218   0x00000078   Code   RO         3835    i.MSD0_ReadMultiBlock  spi_msd0_driver.o
    0x00001290   0x00000044   Code   RO         3836    i.MSD0_ReadSingleBlock  spi_msd0_driver.o
    0x000012d4   0x0000000c   Code   RO         3837    i.MSD0_SPIHighSpeed  spi_msd0_driver.o
    0x000012e0   0x00000008   Code   RO         3838    i.MSD0_SPI_Configuration  spi_msd0_driver.o
    0x000012e8   0x0000011c   Code   RO         3839    i.MSD0_WriteMultiBlock  spi_msd0_driver.o
    0x00001404   0x000000c0   Code   RO         3840    i.MSD0_WriteSingleBlock  spi_msd0_driver.o
    0x000014c4   0x00000078   Code   RO         3841    i.MSD0_read_buffer  spi_msd0_driver.o
    0x0000153c   0x00000070   Code   RO         3842    i.MSD0_send_command  spi_msd0_driver.o
    0x000015ac   0x00000064   Code   RO         3843    i.MSD0_send_command_hold  spi_msd0_driver.o
    0x00001610   0x0000000c   Code   RO         3911    i.MSD0_spi_read_write  spi_msd0_driver.o
    0x0000161c   0x00000002   Code   RO          259    i.NMI_Handler       ht32f5xxxx_01_it.o
    0x0000161e   0x00000062   Code   RO         4342    i.OV7725_Brightness  ov7725.o
    0x00001680   0x0000002a   Code   RO         4343    i.OV7725_Color_Saturation  ov7725.o
    0x000016aa   0x00000024   Code   RO         4344    i.OV7725_Contrast   ov7725.o
    0x000016ce   0x00000002   PAD
    0x000016d0   0x000001f4   Code   RO         4345    i.OV7725_Init       ov7725.o
    0x000018c4   0x00000112   Code   RO         4346    i.OV7725_Light_Mode  ov7725.o
    0x000019d6   0x000000be   Code   RO         4347    i.OV7725_Special_Effects  ov7725.o
    0x00001a94   0x00000170   Code   RO         4348    i.OV7725_Window_Set  ov7725.o
    0x00001c04   0x00000002   Code   RO          260    i.PendSV_Handler    ht32f5xxxx_01_it.o
    0x00001c06   0x00000002   PAD
    0x00001c08   0x000000b0   Code   RO         4404    i.SCCB_Init         sccb.o
    0x00001cb8   0x0000003c   Code   RO         4405    i.SCCB_No_Ack       sccb.o
    0x00001cf4   0x00000094   Code   RO         4406    i.SCCB_RD_Byte      sccb.o
    0x00001d88   0x0000004e   Code   RO         4407    i.SCCB_RD_Reg       sccb.o
    0x00001dd6   0x00000002   PAD
    0x00001dd8   0x00000030   Code   RO         4408    i.SCCB_Start        sccb.o
    0x00001e08   0x00000034   Code   RO         4409    i.SCCB_Stop         sccb.o
    0x00001e3c   0x000000cc   Code   RO         4410    i.SCCB_WR_Byte      sccb.o
    0x00001f08   0x00000044   Code   RO         4411    i.SCCB_WR_Reg       sccb.o
    0x00001f4c   0x00000090   Code   RO         3691    i.SPI1_Gpio_Init    bsp_spi.o
    0x00001fdc   0x00000054   Code   RO         3692    i.SPI1_Init         bsp_spi.o
    0x00002030   0x00000034   Code   RO         3693    i.SPI1_ReadWrite    bsp_spi.o
    0x00002064   0x00000018   Code   RO         2215    i.SPI_Cmd           ht32f5xxxx_spi.o
    0x0000207c   0x0000001a   Code   RO         2223    i.SPI_GetFlagStatus  ht32f5xxxx_spi.o
    0x00002096   0x0000004c   Code   RO         2224    i.SPI_Init          ht32f5xxxx_spi.o
    0x000020e2   0x00000008   Code   RO         2227    i.SPI_ReceiveData   ht32f5xxxx_spi.o
    0x000020ea   0x00000018   Code   RO         2230    i.SPI_SELOutputCmd  ht32f5xxxx_spi.o
    0x00002102   0x00000004   Code   RO         2231    i.SPI_SendData      ht32f5xxxx_spi.o
    0x00002106   0x00000002   Code   RO          261    i.SVC_Handler       ht32f5xxxx_01_it.o
    0x00002108   0x00000024   Code   RO          425    i.SYSTICK_ClockSourceConfig  ht32_cm0plus_misc.o
    0x0000212c   0x00000030   Code   RO          426    i.SYSTICK_CounterCmd  ht32_cm0plus_misc.o
    0x0000215c   0x00000024   Code   RO          427    i.SYSTICK_IntConfig  ht32_cm0plus_misc.o
    0x00002180   0x0000000c   Code   RO          428    i.SYSTICK_SetReloadValue  ht32_cm0plus_misc.o
    0x0000218c   0x0000007c   Code   RO          337    i.SysInit           system.o
    0x00002208   0x00000008   Code   RO          262    i.SysTick_Handler   ht32f5xxxx_01_it.o
    0x00002210   0x0000002c   Code   RO         3795    i.SysTick_Init      bsp_systick.o
    0x0000223c   0x00000144   Code   RO          384    i.SystemInit        system_ht32f5xxxx_01.o
    0x00002380   0x000000b0   Code   RO          338    i.Task_GetPicture   system.o
    0x00002430   0x00000018   Code   RO         3796    i.TimingDelay       bsp_systick.o
    0x00002448   0x00000054   Code   RO          263    i.UART1_IRQHandler  ht32f5xxxx_01_it.o
    0x0000249c   0x00000098   Code   RO          264    i.USART0_IRQHandler  ht32f5xxxx_01_it.o
    0x00002534   0x0000001c   Code   RO          265    i.USART1_IRQHandler  ht32f5xxxx_01_it.o
    0x00002550   0x00000078   Code   RO         3730    i.USART1_Init       bsp_uart.o
    0x000025c8   0x00000008   Code   RO         2751    i.USART_ClearFlag   ht32f5xxxx_usart.o
    0x000025d0   0x00000012   Code   RO         2756    i.USART_GetFlagStatus  ht32f5xxxx_usart.o
    0x000025e2   0x00000002   PAD
    0x000025e4   0x0000008c   Code   RO         2758    i.USART_Init        ht32f5xxxx_usart.o
    0x00002670   0x00000008   Code   RO         2768    i.USART_ReceiveData  ht32f5xxxx_usart.o
    0x00002678   0x0000001e   Code   RO         2780    i.USART_TxRxCmd     ht32f5xxxx_usart.o
    0x00002696   0x00000002   PAD
    0x00002698   0x00000028   Code   RO         5051    i.__0sprintf        mc_p.l(printfa.o)
    0x000026c0   0x0000002e   Code   RO         5137    i.__ARM_clz         mf_p.l(depilogue.o)
    0x000026ee   0x0000001c   Code   RO          900    i.__ARM_common_switch8  ht32f5xxxx_ckcu.o
    0x0000270a   0x0000000e   Code   RO         5166    i.__scatterload_copy  mc_p.l(handlers.o)
    0x00002718   0x00000002   Code   RO         5167    i.__scatterload_null  mc_p.l(handlers.o)
    0x0000271a   0x0000000e   Code   RO         5168    i.__scatterload_zeroinit  mc_p.l(handlers.o)
    0x00002728   0x00000158   Code   RO         5056    i._fp_digits        mc_p.l(printfa.o)
    0x00002880   0x000006ec   Code   RO         5057    i._printf_core      mc_p.l(printfa.o)
    0x00002f6c   0x00000020   Code   RO         5058    i._printf_post_padding  mc_p.l(printfa.o)
    0x00002f8c   0x0000002c   Code   RO         5059    i._printf_pre_padding  mc_p.l(printfa.o)
    0x00002fb8   0x0000000a   Code   RO         5061    i._sputc            mc_p.l(printfa.o)
    0x00002fc2   0x00000002   PAD
    0x00002fc4   0x00000284   Code   RO         4466    i.bmp_encode        bmp.o
    0x00003248   0x00000050   Code   RO         4467    i.camera_new_pathname  bmp.o
    0x00003298   0x000000a0   Code   RO         3989    i.check_fs          ff.o
    0x00003338   0x00000016   Code   RO         3990    i.chk_chr           ff.o
    0x0000334e   0x00000002   PAD
    0x00003350   0x0000042c   Code   RO         3991    i.chk_mounted       ff.o
    0x0000377c   0x0000001a   Code   RO         3992    i.clust2sect        ff.o
    0x00003796   0x00000002   PAD
    0x00003798   0x00000094   Code   RO         3993    i.cmp_lfn           ff.o
    0x0000382c   0x000000d0   Code   RO         3994    i.create_chain      ff.o
    0x000038fc   0x0000025c   Code   RO         3995    i.create_name       ff.o
    0x00003b58   0x000000f8   Code   RO         3996    i.dir_find          ff.o
    0x00003c50   0x00000124   Code   RO         3997    i.dir_next          ff.o
    0x00003d74   0x000001a6   Code   RO         3999    i.dir_register      ff.o
    0x00003f1a   0x0000009c   Code   RO         4001    i.dir_sdi           ff.o
    0x00003fb6   0x00000036   Code   RO         3924    i.disk_initialize   diskio.o
    0x00003fec   0x000000a4   Code   RO         3925    i.disk_ioctl        diskio.o
    0x00004090   0x0000005c   Code   RO         3926    i.disk_read         diskio.o
    0x000040ec   0x00000020   Code   RO         3927    i.disk_status       diskio.o
    0x0000410c   0x0000005c   Code   RO         3928    i.disk_write        diskio.o
    0x00004168   0x00000084   Code   RO         4284    i.exfuns_init       exfuns.o
    0x000041ec   0x00000016   Code   RO         4003    i.f_close           ff.o
    0x00004202   0x00000002   PAD
    0x00004204   0x00000030   Code   RO         4007    i.f_mount           ff.o
    0x00004234   0x00000194   Code   RO         4008    i.f_open            ff.o
    0x000043c8   0x000000c4   Code   RO         4014    i.f_sync            ff.o
    0x0000448c   0x0000022e   Code   RO         4018    i.f_write           ff.o
    0x000046ba   0x00000002   PAD
    0x000046bc   0x0000004c   Code   RO         4251    i.ff_convert        ccsbcs.o
    0x00004708   0x00000038   Code   RO         4252    i.ff_wtoupper       ccsbcs.o
    0x00004740   0x00000070   Code   RO         4019    i.fit_lfn           ff.o
    0x000047b0   0x000000a6   Code   RO         4020    i.follow_path       ff.o
    0x00004856   0x000000a6   Code   RO         4021    i.gen_numname       ff.o
    0x000048fc   0x000000e8   Code   RO         4022    i.get_fat           ff.o
    0x000049e4   0x00000004   Code   RO         3929    i.get_fattime       diskio.o
    0x000049e8   0x0000000c   Code   RO            3    i.main              main.o
    0x000049f4   0x0000002a   Code   RO         4024    i.mem_cmp           ff.o
    0x00004a1e   0x0000001a   Code   RO         4025    i.mem_cpy           ff.o
    0x00004a38   0x00000014   Code   RO         4026    i.mem_set           ff.o
    0x00004a4c   0x00000076   Code   RO         4027    i.move_window       ff.o
    0x00004ac2   0x00000002   PAD
    0x00004ac4   0x00000074   Code   RO         3394    i.my_mem_free       malloc.o
    0x00004b38   0x00000044   Code   RO         3395    i.my_mem_init       malloc.o
    0x00004b7c   0x000000b0   Code   RO         3396    i.my_mem_malloc     malloc.o
    0x00004c2c   0x00000044   Code   RO         3397    i.my_mem_perused    malloc.o
    0x00004c70   0x00000024   Code   RO         3398    i.myfree            malloc.o
    0x00004c94   0x00000028   Code   RO         3399    i.mymalloc          malloc.o
    0x00004cbc   0x00000014   Code   RO         3401    i.mymemset          malloc.o
    0x00004cd0   0x0000000e   Code   RO         4498    i.pic_memalloc      piclib.o
    0x00004cde   0x0000000e   Code   RO         4499    i.pic_memfree       piclib.o
    0x00004cec   0x00000146   Code   RO         4029    i.put_fat           ff.o
    0x00004e32   0x0000006c   Code   RO         4030    i.remove_chain      ff.o
    0x00004e9e   0x00000020   Code   RO         4031    i.sum_sfn           ff.o
    0x00004ebe   0x0000012c   Code   RO         4032    i.sync              ff.o
    0x00004fea   0x00000030   Code   RO         4033    i.validate          ff.o
    0x0000501a   0x00000002   PAD
    0x0000501c   0x00000018   Data   RO         3406    .constdata          malloc.o
    0x00005034   0x0000008d   Data   RO         4035    .constdata          ff.o
    0x000050c1   0x00000001   PAD
    0x000050c2   0x000004c0   Data   RO         4253    .constdata          ccsbcs.o
    0x00005582   0x00000082   Data   RO         4349    .constdata          ov7725.o
    0x00005604   0x00000044   Data   RO         4535    .constdata          ht32_board.o
    0x00005648   0x00000016   Data   RO         4715    .conststring        gprs.o
    0x0000565e   0x00000002   PAD
    0x00005660   0x00000020   Data   RO         5164    Region$$Table       anon$$obj.o


    Execution Region RW_IRAM1 (Base: 0x20000000, Size: 0x00002540, Max: 0x00004000, ABSOLUTE)

    Base Addr    Size         Type   Attr      Idx    E Section Name        Object

    0x20000000   0x00000004   Data   RW          267    .data               ht32f5xxxx_01_it.o
    0x20000004   0x00000005   Data   RW          341    .data               system.o
    0x20000009   0x00000003   PAD
    0x2000000c   0x00000004   Data   RW          385    .data               system_ht32f5xxxx_01.o
    0x20000010   0x0000001c   Data   RW         3407    .data               malloc.o
    0x2000002c   0x00000001   Data   RW         3594    .data               bsp_exti.o
    0x2000002d   0x00000003   PAD
    0x20000030   0x00000004   Data   RW         3797    .data               bsp_systick.o
    0x20000034   0x00000006   Data   RW         4036    .data               ff.o
    0x2000003a   0x00000002   PAD
    0x2000003c   0x00000018   Data   RW         4289    .data               exfuns.o
    0x20000054   0x00000010   Data   RW         4716    .data               gprs.o
    0x20000064   0x00000586   Zero   RW            4    .bss                main.o
    0x200005ea   0x00000064   Zero   RW          266    .bss                ht32f5xxxx_01_it.o
    0x2000064e   0x00000002   PAD
    0x20000650   0x00000230   Zero   RW          340    .bss                system.o
    0x20000880   0x00001540   Zero   RW         3405    .bss                malloc.o
    0x20001dc0   0x00000058   Zero   RW         3844    .bss                spi_msd0_driver.o
    0x20001e18   0x00000200   Zero   RW         4034    .bss                ff.o
    0x20002018   0x00000080   Zero   RW         4673    .bss                gps.o
    0x20002098   0x000000a5   Zero   RW         4713    .bss                gprs.o
    0x2000213d   0x00000003   PAD
    0x20002140   0x00000400   Zero   RW          375    STACK               startup_ht32f5xxxx_01.o



  Load Region LR$$.ARM.__AT_0x68000000 (Base: 0x68000000, Size: 0x00000000, Max: 0x000f0000, ABSOLUTE)

    Execution Region ER$$.ARM.__AT_0x68000000 (Base: 0x68000000, Size: 0x000f0000, Max: 0x000f0000, ABSOLUTE, UNINIT)

    Base Addr    Size         Type   Attr      Idx    E Section Name        Object

    0x68000000   0x000f0000   Zero   RW         3403    .ARM.__AT_0x68000000  malloc.o



  Load Region LR$$.ARM.__AT_0x680F0000 (Base: 0x680f0000, Size: 0x00000000, Max: 0x0000f000, ABSOLUTE)

    Execution Region ER$$.ARM.__AT_0x680F0000 (Base: 0x680f0000, Size: 0x0000f000, Max: 0x0000f000, ABSOLUTE, UNINIT)

    Base Addr    Size         Type   Attr      Idx    E Section Name        Object

    0x680f0000   0x0000f000   Zero   RW         3404    .ARM.__AT_0x680F0000  malloc.o


==============================================================================

Image component sizes


      Code (inc. data)   RO Data    RW Data    ZI Data      Debug   Object Name

       724         42          0          0          0       3523   bmp.o
       180         26          0          0          0       6992   bsp_bftm.o
       312         18          0          1          0       1468   bsp_exti.o
       280         24          0          0          0       1670   bsp_spi.o
       104         16          0          4          0       1630   bsp_systick.o
       120          4          0          0          0        626   bsp_uart.o
       132         12       1216          0          0       2455   ccsbcs.o
       438         40          0          0          0       7995   diskio.o
       132         18          0         24          0       1610   exfuns.o
      6278         96        141          6        512      29763   ff.o
         0          0         22         16        165        814   gprs.o
         0          0          0          0        128        600   gps.o
         0          0         68          0          0       1219   ht32_board.o
       132         18          0          0          0       2234   ht32_cm0plus_misc.o
       282         42          0          4        100       4703   ht32f5xxxx_01_it.o
        70          0          0          0          0       3156   ht32f5xxxx_bftm.o
       392         38          0          0          0       5034   ht32f5xxxx_ckcu.o
       140         16          0          0          0       2783   ht32f5xxxx_exti.o
       316         12          0          0          0       6921   ht32f5xxxx_gpio.o
       162          0          0          0          0       4245   ht32f5xxxx_spi.o
       204         18          0          0          0       4201   ht32f5xxxx_usart.o
        12          0          0          0       1414      54463   main.o
       524         62         24         28    1049920       6129   malloc.o
      1508         50        130          0          0       7293   ov7725.o
        28          0          0          0          0       1029   piclib.o
       834         40          0          0          0       4357   sccb.o
      2392         60          0          0         88      10309   spi_msd0_driver.o
       284        216          0          0       1024        688   startup_ht32f5xxxx_01.o
       308         30          0          5        560       2037   system.o
       324         20          0          4          0       1863   system_ht32f5xxxx_01.o

    ----------------------------------------------------------------------
     16636        918       1636        100    1053916     181810   Object Totals
         0          0         32          0          0          0   (incl. Generated)
        24          0          3          8          5          0   (incl. Padding)

    ----------------------------------------------------------------------

      Code (inc. data)   RO Data    RW Data    ZI Data      Debug   Library Member Name

         0          0          0          0          0          0   entry.o
         0          0          0          0          0          0   entry10a.o
         0          0          0          0          0          0   entry11a.o
         8          4          0          0          0          0   entry2.o
         4          0          0          0          0          0   entry5.o
         0          0          0          0          0          0   entry7b.o
         0          0          0          0          0          0   entry8b.o
         8          4          0          0          0          0   entry9a.o
        30          0          0          0          0          0   handlers.o
        40          0          0          0          0         72   idiv.o
        36          8          0          0          0         68   init.o
         0          0          0          0          0          0   iusefp.o
        32          0          0          0          0         68   llshl.o
        38          0          0          0          0         68   llsshr.o
        34          0          0          0          0         68   llushr.o
        36          0          0          0          0         60   memcpya.o
        36          0          0          0          0        100   memseta.o
      2242         94          0          0          0        472   printfa.o
        44          0          0          0          0         72   uidiv.o
        96          0          0          0          0         84   uldiv.o
        20          0          0          0          0         60   uread4.o
        18          0          0          0          0         60   uwrite4.o
        40          2          0          0          0         68   cdrcmple.o
       356          4          0          0          0        140   dadd.o
       240          6          0          0          0         84   ddiv.o
       236          0          0          0          0        216   depilogue.o
        64         10          0          0          0         68   dfixul.o
       208          6          0          0          0         88   dmul.o

    ----------------------------------------------------------------------
      3872        138          0          0          0       1916   Library Totals
         6          0          0          0          0          0   (incl. Padding)

    ----------------------------------------------------------------------

      Code (inc. data)   RO Data    RW Data    ZI Data      Debug   Library Name

      2722        110          0          0          0       1252   mc_p.l
      1144         28          0          0          0        664   mf_p.l

    ----------------------------------------------------------------------
      3872        138          0          0          0       1916   Library Totals

    ----------------------------------------------------------------------

==============================================================================


      Code (inc. data)   RO Data    RW Data    ZI Data      Debug   

     20508       1056       1636        100    1053916     176962   Grand Totals
     20508       1056       1636        100    1053916     176962   ELF Image Totals
     20508       1056       1636        100          0          0   ROM Totals

==============================================================================

    Total RO  Size (Code + RO Data)                22144 (  21.63kB)
    Total RW  Size (RW Data + ZI Data)           1054016 (1029.31kB)
    Total ROM Size (Code + RO Data + RW Data)      22244 (  21.72kB)

==============================================================================

