<html>
<body>
<pre>
<h1>礦ision Build Log</h1>
<h2>Tool Versions:</h2>
IDE-Version: μVision V5.15
Copyright (C) 2015 ARM Ltd and ARM Germany GmbH. All rights reserved.
License Information: he zhijie, fjnu, LIC=Z3C63-AVIG5-243SS-LY2JN-IXFRC-GVUJ9
 
Tool Versions:
Toolchain:       MDK-ARM Professional  Version: 5.15.0
Toolchain Path:  C:\Keil_v5\ARM\ARMCC\Bin
C Compiler:      Armcc.exe V5.05 update 2 (build 169)
Assembler:       Armasm.exe V5.05 update 2 (build 169)
Linker/Locator:  ArmLink.exe V5.05 update 2 (build 169)
Library Manager: ArmAr.exe V5.05 update 2 (build 169)
Hex Converter:   FromElf.exe V5.05 update 2 (build 169)
CPU DLL:         SARMCM3.DLL V5.15.0
Dialog DLL:      DARMCM1.DLL V1.12.0.0
Target DLL:      CMSIS_AGDI.dll V1.21.12.0
Dialog DLL:      TARMCM1.DLL V1.9.0.0
 
<h2>Project:</h2>
E:\6.HT合泰资料\2.江思洁组\HT52352_Project（5-2)\Project\HT52352_Project.uvprojx
Project File Date:  05/02/2019

<h2>Output:</h2>
*** Using Compiler 'V5.05 update 2 (build 169)', folder: 'C:\Keil_v5\ARM\ARMCC\Bin'
Build target 'HT32F52352'
compiling main.c...
compiling ht32f5xxxx_01_it.c...
compiling system.c...
..\Source\Dev\system.c(106): warning:  #177-D: function "Task_GetTemperature" was declared but never referenced
  static void Task_GetTemperature(void)
..\Source\Dev\system.c: 1 warning, 0 errors
assembling startup_ht32f5xxxx_01.s...
compiling system_ht32f5xxxx_01.c...
assembling ht32_op.s...
compiling ht32_cm0plus_misc.c...
compiling ht32f5xxxx_adc.c...
compiling ht32f5xxxx_bftm.c...
compiling ht32f5xxxx_ckcu.c...
compiling ht32f5xxxx_cmp.c...
compiling ht32f5xxxx_crc.c...
compiling ht32f5xxxx_ebi.c...
compiling ht32f5xxxx_exti.c...
compiling ht32f5xxxx_flash.c...
compiling ht32f5xxxx_gpio.c...
compiling ht32f5xxxx_i2c.c...
compiling ht32f5xxxx_i2s.c...
compiling ht32f5xxxx_mctm.c...
compiling ht32f5xxxx_pdma.c...
compiling ht32f5xxxx_pwrcu.c...
compiling ht32f5xxxx_rstcu.c...
compiling ht32f5xxxx_rtc.c...
compiling ht32f5xxxx_sci.c...
compiling ht32f5xxxx_spi.c...
compiling ht32f5xxxx_tm.c...
compiling ht32f5xxxx_usart.c...
compiling ht32f5xxxx_usbd.c...
compiling ht32f5xxxx_wdt.c...
compiling ht32_serial.c...
compiling ht32_retarget.c...
compiling malloc.c...
compiling bsp_18b20.c...
compiling bsp_BFTM.c...
compiling bsp_exti.c...
compiling bsp_i2c.c...
compiling bsp_spi.c...
compiling bsp_uart.c...
compiling bsp_SysTick.c...
compiling SPI_MSD0_Driver.c...
..\Source\Dev\SPI_SD_Card\SPI_MSD0_Driver.c(19): warning:  #940-D: missing return statement at end of non-void function "MSD0_spi_read_write"
   }
..\Source\Dev\SPI_SD_Card\SPI_MSD0_Driver.c: 1 warning, 0 errors
compiling diskio.c...
compiling ff.c...
..\Source\Dev\Fatfs\src\ff.c(1653): warning:  #111-D: statement is unreachable
                        w = (w << 8) + b;                       /* Create a DBC */
..\Source\Dev\Fatfs\src\ff.c: 1 warning, 0 errors
compiling ccsbcs.c...
compiling exfuns.c...
compiling ov7725.c...
compiling sccb.c...
compiling bmp.c...
compiling piclib.c...
compiling ht32_board.c...
compiling BMP280.c...
compiling GPS.c...
compiling GPRS.c...
linking...
Program Size: Code=20508 RO-data=1636 RW-data=100 ZI-data=1053916  
FromELF: creating hex file...
After Build - User command #1: fromelf --bin -o E:\6.HT合泰资料\2.江思洁组\HT52352_Project（5-2)\Project\Objects\HT52352_Project.axf.bin E:\6.HT合泰资料\2.江思洁组\HT52352_Project（5-2)\Project\Objects\HT52352_Project.axf
".\Objects\HT52352_Project.axf" - 0 Error(s), 3 Warning(s).

<h2>Collection of Component include folders:</h2>
  E:\6.HT合泰资料\2.江思洁组\HT52352_Project（5-2)\Project\RTE
  C:\Keil_v5\ARM\PACK\Holtek\HT32_DFP\1.0.18\ARM\INC\Holtek\HT32F5xxxx

<h2>Collection of Component Files used:</h2>
</pre>
</body>
</html>
